../Core/Src/main.c:93:5:main	8	static
../Core/Src/main.c:145:6:SystemClock_Config	88	static
../Core/Src/main.c:192:13:MX_ADC1_Init	56	static
../Core/Src/main.c:260:13:MX_DAC1_Init	56	static
../Core/Src/main.c:307:13:MX_LPUART1_UART_Init	8	static
../Core/Src/main.c:354:13:MX_GPIO_Init	48	static
../Core/Src/main.c:391:6:HAL_GPIO_EXTI_Callback	16	static
../Core/Src/main.c:401:6:DAC_Update	8	static
../Core/Src/main.c:413:6:ADC_Read_blocking	16	static
../Core/Src/main.c:433:6:Error_Handler	4	static,ignoring_inline_asm
