../Core/Src/main.c:80:5:main	32	static
../Core/Src/main.c:178:6:SystemClock_Config	88	static
../Core/Src/main.c:225:13:MX_LPUART1_UART_Init	8	static
../Core/Src/main.c:272:13:MX_SPI3_Init	8	static
../Core/Src/main.c:312:13:MX_GPIO_Init	48	static
../Core/Src/main.c:360:6:UART_con	8	static
../Core/Src/main.c:364:6:HAL_UART_RxCpltCallback	16	static
../Core/Src/main.c:375:6:SPITxRx_Setup	8	static
../Core/Src/main.c:383:6:SPITxRx_readIO	8	static
../Core/Src/main.c:396:6:SPITxRx_writeIO	8	static
../Core/Src/main.c:408:6:HAL_SPI_TxRxCpltCallback	16	static
../Core/Src/main.c:418:6:Error_Handler	4	static,ignoring_inline_asm
