../Core/Src/main.c:126:8:micro	64	static
../Core/Src/main.c:87:5:main	88	static
../Core/Src/main.c:132:8:map	32	static
../Core/Src/main.c:202:6:SystemClock_Config	88	static
../Core/Src/main.c:249:13:MX_ADC1_Init	56	static
../Core/Src/main.c:335:13:MX_LPUART1_UART_Init	8	static
../Core/Src/main.c:382:13:MX_TIM2_Init	40	static
../Core/Src/main.c:427:13:MX_TIM3_Init	64	static
../Core/Src/main.c:484:13:MX_DMA_Init	16	static
../Core/Src/main.c:503:13:MX_GPIO_Init	48	static
../Core/Src/main.c:540:6:HAL_TIM_PeriodElapsedCallback	24	static
../Core/Src/main.c:553:6:Error_Handler	4	static,ignoring_inline_asm
