../Core/Src/main.c:78:5:main	16	static
../Core/Src/main.c:140:6:SystemClock_Config	88	static
../Core/Src/main.c:187:13:MX_ADC1_Init	56	static
../Core/Src/main.c:255:13:MX_LPUART1_UART_Init	8	static
../Core/Src/main.c:302:13:MX_TIM2_Init	40	static
../Core/Src/main.c:347:13:MX_TIM3_Init	40	static
../Core/Src/main.c:390:13:MX_DMA_Init	16	static
../Core/Src/main.c:409:13:MX_GPIO_Init	48	static
../Core/Src/main.c:446:6:HAL_TIM_PeriodElapsedCallback	24	static
../Core/Src/main.c:459:6:Error_Handler	4	static,ignoring_inline_asm
