../Core/Src/main.c:78:5:main	8	static
../Core/Src/main.c:132:6:SystemClock_Config	88	static
../Core/Src/main.c:179:13:MX_ADC1_Init	56	static
../Core/Src/main.c:265:13:MX_LPUART1_UART_Init	8	static
../Core/Src/main.c:312:13:MX_TIM2_Init	64	static
../Core/Src/main.c:371:13:MX_TIM3_Init	64	static
../Core/Src/main.c:428:13:MX_DMA_Init	16	static
../Core/Src/main.c:447:13:MX_GPIO_Init	48	static
../Core/Src/main.c:484:6:HAL_TIM_PeriodElapsedCallback	16	static
../Core/Src/main.c:497:6:Error_Handler	4	static,ignoring_inline_asm
