19:59:14 **** Build of configuration Debug for project control_lab2 ****
make -j16 all 
arm-none-eabi-gcc "../Core/Src/main.c" -mcpu=cortex-m4 -std=gnu11 -g3 -DDEBUG -DUSE_HAL_DRIVER -DSTM32G474xx -c -I../Core/Inc -I../Drivers/STM32G4xx_HAL_Driver/Inc -I../Drivers/STM32G4xx_HAL_Driver/Inc/Legacy -I../Drivers/CMSIS/Device/ST/STM32G4xx/Include -I../Drivers/CMSIS/Include -O0 -ffunction-sections -fdata-sections -Wall -fstack-usage -fcyclomatic-complexity -MMD -MP -MF"Core/Src/main.d" -MT"Core/Src/main.o" --specs=nano.specs -mfpu=fpv4-sp-d16 -mfloat-abi=hard -mthumb -o "Core/Src/main.o"
arm-none-eabi-gcc "../Core/Src/stm32g4xx_hal_msp.c" -mcpu=cortex-m4 -std=gnu11 -g3 -DDEBUG -DUSE_HAL_DRIVER -DSTM32G474xx -c -I../Core/Inc -I../Drivers/STM32G4xx_HAL_Driver/Inc -I../Drivers/STM32G4xx_HAL_Driver/Inc/Legacy -I../Drivers/CMSIS/Device/ST/STM32G4xx/Include -I../Drivers/CMSIS/Include -O0 -ffunction-sections -fdata-sections -Wall -fstack-usage -fcyclomatic-complexity -MMD -MP -MF"Core/Src/stm32g4xx_hal_msp.d" -MT"Core/Src/stm32g4xx_hal_msp.o" --specs=nano.specs -mfpu=fpv4-sp-d16 -mfloat-abi=hard -mthumb -o "Core/Src/stm32g4xx_hal_msp.o"
../Core/Src/main.c: In function 'main':
../Core/Src/main.c:140:29: warning: passing argument 2 of 'HAL_ADC_Start_DMA' from incompatible pointer type [-Wincompatible-pointer-types]
  140 |   HAL_ADC_Start_DMA(&hadc1, ADC_RawRead, 10);
      |                             ^~~~~~~~~~~
      |                             |
      |                             uint16_t * {aka short unsigned int *}
In file included from ../Core/Inc/stm32g4xx_hal_conf.h:228,
                 from ../Drivers/STM32G4xx_HAL_Driver/Inc/stm32g4xx_hal.h:29,
                 from ../Core/Inc/main.h:30,
                 from ../Core/Src/main.c:20:
../Drivers/STM32G4xx_HAL_Driver/Inc/stm32g4xx_hal_adc.h:2242:78: note: expected 'uint32_t *' {aka 'long unsigned int *'} but argument is of type 'uint16_t *' {aka 'short unsigned int *'}
 2242 | HAL_StatusTypeDef       HAL_ADC_Start_DMA(ADC_HandleTypeDef *hadc, uint32_t *pData, uint32_t Length);
      |                                                                    ~~~~~~~~~~^~~~~
arm-none-eabi-gcc -o "control_lab2.elf" @"objects.list"   -mcpu=cortex-m4 -T"C:\Users\bcc35\Desktop\Elec\control_lab2\STM32G474RETX_FLASH.ld" --specs=nosys.specs -Wl,-Map="control_lab2.map" -Wl,--gc-sections -static --specs=nano.specs -mfpu=fpv4-sp-d16 -mfloat-abi=hard -mthumb -Wl,--start-group -lc -lm -Wl,--end-group
Finished building target: control_lab2.elf
 
arm-none-eabi-size  control_lab2.elf 
arm-none-eabi-objdump -h -S control_lab2.elf  > "control_lab2.list"
   text	   data	    bss	    dec	    hex	filename
  39864	    144	   2656	  42664	   a6a8	control_lab2.elf
Finished building: default.size.stdout
 
Finished building: control_lab2.list
 

19:59:16 Build Finished. 0 errors, 1 warnings. (took 2s.29ms)

