23:51:54 **** Build of configuration Debug for project test1 ****
make -j16 all 
arm-none-eabi-gcc "C:/Users/bcc35/STM32Cube/Repository/STM32Cube_FW_G4_V1.5.1/Drivers/STM32G4xx_HAL_Driver/Src/stm32g4xx_hal.c" -mcpu=cortex-m4 -std=gnu11 -g3 -DDEBUG -DUSE_HAL_DRIVER -DSTM32G474xx -c -I../Core/Inc -IC:/Users/bcc35/STM32Cube/Repository/STM32Cube_FW_G4_V1.5.1/Drivers/STM32G4xx_HAL_Driver/Inc -IC:/Users/bcc35/STM32Cube/Repository/STM32Cube_FW_G4_V1.5.1/Drivers/STM32G4xx_HAL_Driver/Inc/Legacy -IC:/Users/bcc35/STM32Cube/Repository/STM32Cube_FW_G4_V1.5.1/Drivers/CMSIS/Device/ST/STM32G4xx/Include -IC:/Users/bcc35/STM32Cube/Repository/STM32Cube_FW_G4_V1.5.1/Drivers/CMSIS/Include -O0 -ffunction-sections -fdata-sections -Wall -fstack-usage -fcyclomatic-complexity -MMD -MP -MF"Drivers/STM32G4xx_HAL_Driver/stm32g4xx_hal.d" -MT"Drivers/STM32G4xx_HAL_Driver/stm32g4xx_hal.o" --specs=nano.specs -mfpu=fpv4-sp-d16 -mfloat-abi=hard -mthumb -o "Drivers/STM32G4xx_HAL_Driver/stm32g4xx_hal.o"
arm-none-eabi-gcc "C:/Users/bcc35/STM32Cube/Repository/STM32Cube_FW_G4_V1.5.1/Drivers/STM32G4xx_HAL_Driver/Src/stm32g4xx_hal_cortex.c" -mcpu=cortex-m4 -std=gnu11 -g3 -DDEBUG -DUSE_HAL_DRIVER -DSTM32G474xx -c -I../Core/Inc -IC:/Users/bcc35/STM32Cube/Repository/STM32Cube_FW_G4_V1.5.1/Drivers/STM32G4xx_HAL_Driver/Inc -IC:/Users/bcc35/STM32Cube/Repository/STM32Cube_FW_G4_V1.5.1/Drivers/STM32G4xx_HAL_Driver/Inc/Legacy -IC:/Users/bcc35/STM32Cube/Repository/STM32Cube_FW_G4_V1.5.1/Drivers/CMSIS/Device/ST/STM32G4xx/Include -IC:/Users/bcc35/STM32Cube/Repository/STM32Cube_FW_G4_V1.5.1/Drivers/CMSIS/Include -O0 -ffunction-sections -fdata-sections -Wall -fstack-usage -fcyclomatic-complexity -MMD -MP -MF"Drivers/STM32G4xx_HAL_Driver/stm32g4xx_hal_cortex.d" -MT"Drivers/STM32G4xx_HAL_Driver/stm32g4xx_hal_cortex.o" --specs=nano.specs -mfpu=fpv4-sp-d16 -mfloat-abi=hard -mthumb -o "Drivers/STM32G4xx_HAL_Driver/stm32g4xx_hal_cortex.o"
arm-none-eabi-gcc "C:/Users/bcc35/STM32Cube/Repository/STM32Cube_FW_G4_V1.5.1/Drivers/STM32G4xx_HAL_Driver/Src/stm32g4xx_hal_dma.c" -mcpu=cortex-m4 -std=gnu11 -g3 -DDEBUG -DUSE_HAL_DRIVER -DSTM32G474xx -c -I../Core/Inc -IC:/Users/bcc35/STM32Cube/Repository/STM32Cube_FW_G4_V1.5.1/Drivers/STM32G4xx_HAL_Driver/Inc -IC:/Users/bcc35/STM32Cube/Repository/STM32Cube_FW_G4_V1.5.1/Drivers/STM32G4xx_HAL_Driver/Inc/Legacy -IC:/Users/bcc35/STM32Cube/Repository/STM32Cube_FW_G4_V1.5.1/Drivers/CMSIS/Device/ST/STM32G4xx/Include -IC:/Users/bcc35/STM32Cube/Repository/STM32Cube_FW_G4_V1.5.1/Drivers/CMSIS/Include -O0 -ffunction-sections -fdata-sections -Wall -fstack-usage -fcyclomatic-complexity -MMD -MP -MF"Drivers/STM32G4xx_HAL_Driver/stm32g4xx_hal_dma.d" -MT"Drivers/STM32G4xx_HAL_Driver/stm32g4xx_hal_dma.o" --specs=nano.specs -mfpu=fpv4-sp-d16 -mfloat-abi=hard -mthumb -o "Drivers/STM32G4xx_HAL_Driver/stm32g4xx_hal_dma.o"
arm-none-eabi-gcc "C:/Users/bcc35/STM32Cube/Repository/STM32Cube_FW_G4_V1.5.1/Drivers/STM32G4xx_HAL_Driver/Src/stm32g4xx_hal_dma_ex.c" -mcpu=cortex-m4 -std=gnu11 -g3 -DDEBUG -DUSE_HAL_DRIVER -DSTM32G474xx -c -I../Core/Inc -IC:/Users/bcc35/STM32Cube/Repository/STM32Cube_FW_G4_V1.5.1/Drivers/STM32G4xx_HAL_Driver/Inc -IC:/Users/bcc35/STM32Cube/Repository/STM32Cube_FW_G4_V1.5.1/Drivers/STM32G4xx_HAL_Driver/Inc/Legacy -IC:/Users/bcc35/STM32Cube/Repository/STM32Cube_FW_G4_V1.5.1/Drivers/CMSIS/Device/ST/STM32G4xx/Include -IC:/Users/bcc35/STM32Cube/Repository/STM32Cube_FW_G4_V1.5.1/Drivers/CMSIS/Include -O0 -ffunction-sections -fdata-sections -Wall -fstack-usage -fcyclomatic-complexity -MMD -MP -MF"Drivers/STM32G4xx_HAL_Driver/stm32g4xx_hal_dma_ex.d" -MT"Drivers/STM32G4xx_HAL_Driver/stm32g4xx_hal_dma_ex.o" --specs=nano.specs -mfpu=fpv4-sp-d16 -mfloat-abi=hard -mthumb -o "Drivers/STM32G4xx_HAL_Driver/stm32g4xx_hal_dma_ex.o"
arm-none-eabi-gcc "C:/Users/bcc35/STM32Cube/Repository/STM32Cube_FW_G4_V1.5.1/Drivers/STM32G4xx_HAL_Driver/Src/stm32g4xx_hal_exti.c" -mcpu=cortex-m4 -std=gnu11 -g3 -DDEBUG -DUSE_HAL_DRIVER -DSTM32G474xx -c -I../Core/Inc -IC:/Users/bcc35/STM32Cube/Repository/STM32Cube_FW_G4_V1.5.1/Drivers/STM32G4xx_HAL_Driver/Inc -IC:/Users/bcc35/STM32Cube/Repository/STM32Cube_FW_G4_V1.5.1/Drivers/STM32G4xx_HAL_Driver/Inc/Legacy -IC:/Users/bcc35/STM32Cube/Repository/STM32Cube_FW_G4_V1.5.1/Drivers/CMSIS/Device/ST/STM32G4xx/Include -IC:/Users/bcc35/STM32Cube/Repository/STM32Cube_FW_G4_V1.5.1/Drivers/CMSIS/Include -O0 -ffunction-sections -fdata-sections -Wall -fstack-usage -fcyclomatic-complexity -MMD -MP -MF"Drivers/STM32G4xx_HAL_Driver/stm32g4xx_hal_exti.d" -MT"Drivers/STM32G4xx_HAL_Driver/stm32g4xx_hal_exti.o" --specs=nano.specs -mfpu=fpv4-sp-d16 -mfloat-abi=hard -mthumb -o "Drivers/STM32G4xx_HAL_Driver/stm32g4xx_hal_exti.o"
arm-none-eabi-gcc "C:/Users/bcc35/STM32Cube/Repository/STM32Cube_FW_G4_V1.5.1/Drivers/STM32G4xx_HAL_Driver/Src/stm32g4xx_hal_flash.c" -mcpu=cortex-m4 -std=gnu11 -g3 -DDEBUG -DUSE_HAL_DRIVER -DSTM32G474xx -c -I../Core/Inc -IC:/Users/bcc35/STM32Cube/Repository/STM32Cube_FW_G4_V1.5.1/Drivers/STM32G4xx_HAL_Driver/Inc -IC:/Users/bcc35/STM32Cube/Repository/STM32Cube_FW_G4_V1.5.1/Drivers/STM32G4xx_HAL_Driver/Inc/Legacy -IC:/Users/bcc35/STM32Cube/Repository/STM32Cube_FW_G4_V1.5.1/Drivers/CMSIS/Device/ST/STM32G4xx/Include -IC:/Users/bcc35/STM32Cube/Repository/STM32Cube_FW_G4_V1.5.1/Drivers/CMSIS/Include -O0 -ffunction-sections -fdata-sections -Wall -fstack-usage -fcyclomatic-complexity -MMD -MP -MF"Drivers/STM32G4xx_HAL_Driver/stm32g4xx_hal_flash.d" -MT"Drivers/STM32G4xx_HAL_Driver/stm32g4xx_hal_flash.o" --specs=nano.specs -mfpu=fpv4-sp-d16 -mfloat-abi=hard -mthumb -o "Drivers/STM32G4xx_HAL_Driver/stm32g4xx_hal_flash.o"
arm-none-eabi-gcc "C:/Users/bcc35/STM32Cube/Repository/STM32Cube_FW_G4_V1.5.1/Drivers/STM32G4xx_HAL_Driver/Src/stm32g4xx_hal_flash_ex.c" -mcpu=cortex-m4 -std=gnu11 -g3 -DDEBUG -DUSE_HAL_DRIVER -DSTM32G474xx -c -I../Core/Inc -IC:/Users/bcc35/STM32Cube/Repository/STM32Cube_FW_G4_V1.5.1/Drivers/STM32G4xx_HAL_Driver/Inc -IC:/Users/bcc35/STM32Cube/Repository/STM32Cube_FW_G4_V1.5.1/Drivers/STM32G4xx_HAL_Driver/Inc/Legacy -IC:/Users/bcc35/STM32Cube/Repository/STM32Cube_FW_G4_V1.5.1/Drivers/CMSIS/Device/ST/STM32G4xx/Include -IC:/Users/bcc35/STM32Cube/Repository/STM32Cube_FW_G4_V1.5.1/Drivers/CMSIS/Include -O0 -ffunction-sections -fdata-sections -Wall -fstack-usage -fcyclomatic-complexity -MMD -MP -MF"Drivers/STM32G4xx_HAL_Driver/stm32g4xx_hal_flash_ex.d" -MT"Drivers/STM32G4xx_HAL_Driver/stm32g4xx_hal_flash_ex.o" --specs=nano.specs -mfpu=fpv4-sp-d16 -mfloat-abi=hard -mthumb -o "Drivers/STM32G4xx_HAL_Driver/stm32g4xx_hal_flash_ex.o"
arm-none-eabi-gcc "C:/Users/bcc35/STM32Cube/Repository/STM32Cube_FW_G4_V1.5.1/Drivers/STM32G4xx_HAL_Driver/Src/stm32g4xx_hal_flash_ramfunc.c" -mcpu=cortex-m4 -std=gnu11 -g3 -DDEBUG -DUSE_HAL_DRIVER -DSTM32G474xx -c -I../Core/Inc -IC:/Users/bcc35/STM32Cube/Repository/STM32Cube_FW_G4_V1.5.1/Drivers/STM32G4xx_HAL_Driver/Inc -IC:/Users/bcc35/STM32Cube/Repository/STM32Cube_FW_G4_V1.5.1/Drivers/STM32G4xx_HAL_Driver/Inc/Legacy -IC:/Users/bcc35/STM32Cube/Repository/STM32Cube_FW_G4_V1.5.1/Drivers/CMSIS/Device/ST/STM32G4xx/Include -IC:/Users/bcc35/STM32Cube/Repository/STM32Cube_FW_G4_V1.5.1/Drivers/CMSIS/Include -O0 -ffunction-sections -fdata-sections -Wall -fstack-usage -fcyclomatic-complexity -MMD -MP -MF"Drivers/STM32G4xx_HAL_Driver/stm32g4xx_hal_flash_ramfunc.d" -MT"Drivers/STM32G4xx_HAL_Driver/stm32g4xx_hal_flash_ramfunc.o" --specs=nano.specs -mfpu=fpv4-sp-d16 -mfloat-abi=hard -mthumb -o "Drivers/STM32G4xx_HAL_Driver/stm32g4xx_hal_flash_ramfunc.o"
arm-none-eabi-gcc "C:/Users/bcc35/STM32Cube/Repository/STM32Cube_FW_G4_V1.5.1/Drivers/STM32G4xx_HAL_Driver/Src/stm32g4xx_hal_gpio.c" -mcpu=cortex-m4 -std=gnu11 -g3 -DDEBUG -DUSE_HAL_DRIVER -DSTM32G474xx -c -I../Core/Inc -IC:/Users/bcc35/STM32Cube/Repository/STM32Cube_FW_G4_V1.5.1/Drivers/STM32G4xx_HAL_Driver/Inc -IC:/Users/bcc35/STM32Cube/Repository/STM32Cube_FW_G4_V1.5.1/Drivers/STM32G4xx_HAL_Driver/Inc/Legacy -IC:/Users/bcc35/STM32Cube/Repository/STM32Cube_FW_G4_V1.5.1/Drivers/CMSIS/Device/ST/STM32G4xx/Include -IC:/Users/bcc35/STM32Cube/Repository/STM32Cube_FW_G4_V1.5.1/Drivers/CMSIS/Include -O0 -ffunction-sections -fdata-sections -Wall -fstack-usage -fcyclomatic-complexity -MMD -MP -MF"Drivers/STM32G4xx_HAL_Driver/stm32g4xx_hal_gpio.d" -MT"Drivers/STM32G4xx_HAL_Driver/stm32g4xx_hal_gpio.o" --specs=nano.specs -mfpu=fpv4-sp-d16 -mfloat-abi=hard -mthumb -o "Drivers/STM32G4xx_HAL_Driver/stm32g4xx_hal_gpio.o"
arm-none-eabi-gcc "C:/Users/bcc35/STM32Cube/Repository/STM32Cube_FW_G4_V1.5.1/Drivers/STM32G4xx_HAL_Driver/Src/stm32g4xx_hal_pwr.c" -mcpu=cortex-m4 -std=gnu11 -g3 -DDEBUG -DUSE_HAL_DRIVER -DSTM32G474xx -c -I../Core/Inc -IC:/Users/bcc35/STM32Cube/Repository/STM32Cube_FW_G4_V1.5.1/Drivers/STM32G4xx_HAL_Driver/Inc -IC:/Users/bcc35/STM32Cube/Repository/STM32Cube_FW_G4_V1.5.1/Drivers/STM32G4xx_HAL_Driver/Inc/Legacy -IC:/Users/bcc35/STM32Cube/Repository/STM32Cube_FW_G4_V1.5.1/Drivers/CMSIS/Device/ST/STM32G4xx/Include -IC:/Users/bcc35/STM32Cube/Repository/STM32Cube_FW_G4_V1.5.1/Drivers/CMSIS/Include -O0 -ffunction-sections -fdata-sections -Wall -fstack-usage -fcyclomatic-complexity -MMD -MP -MF"Drivers/STM32G4xx_HAL_Driver/stm32g4xx_hal_pwr.d" -MT"Drivers/STM32G4xx_HAL_Driver/stm32g4xx_hal_pwr.o" --specs=nano.specs -mfpu=fpv4-sp-d16 -mfloat-abi=hard -mthumb -o "Drivers/STM32G4xx_HAL_Driver/stm32g4xx_hal_pwr.o"
arm-none-eabi-gcc "C:/Users/bcc35/STM32Cube/Repository/STM32Cube_FW_G4_V1.5.1/Drivers/STM32G4xx_HAL_Driver/Src/stm32g4xx_hal_pwr_ex.c" -mcpu=cortex-m4 -std=gnu11 -g3 -DDEBUG -DUSE_HAL_DRIVER -DSTM32G474xx -c -I../Core/Inc -IC:/Users/bcc35/STM32Cube/Repository/STM32Cube_FW_G4_V1.5.1/Drivers/STM32G4xx_HAL_Driver/Inc -IC:/Users/bcc35/STM32Cube/Repository/STM32Cube_FW_G4_V1.5.1/Drivers/STM32G4xx_HAL_Driver/Inc/Legacy -IC:/Users/bcc35/STM32Cube/Repository/STM32Cube_FW_G4_V1.5.1/Drivers/CMSIS/Device/ST/STM32G4xx/Include -IC:/Users/bcc35/STM32Cube/Repository/STM32Cube_FW_G4_V1.5.1/Drivers/CMSIS/Include -O0 -ffunction-sections -fdata-sections -Wall -fstack-usage -fcyclomatic-complexity -MMD -MP -MF"Drivers/STM32G4xx_HAL_Driver/stm32g4xx_hal_pwr_ex.d" -MT"Drivers/STM32G4xx_HAL_Driver/stm32g4xx_hal_pwr_ex.o" --specs=nano.specs -mfpu=fpv4-sp-d16 -mfloat-abi=hard -mthumb -o "Drivers/STM32G4xx_HAL_Driver/stm32g4xx_hal_pwr_ex.o"
arm-none-eabi-gcc "C:/Users/bcc35/STM32Cube/Repository/STM32Cube_FW_G4_V1.5.1/Drivers/STM32G4xx_HAL_Driver/Src/stm32g4xx_hal_rcc.c" -mcpu=cortex-m4 -std=gnu11 -g3 -DDEBUG -DUSE_HAL_DRIVER -DSTM32G474xx -c -I../Core/Inc -IC:/Users/bcc35/STM32Cube/Repository/STM32Cube_FW_G4_V1.5.1/Drivers/STM32G4xx_HAL_Driver/Inc -IC:/Users/bcc35/STM32Cube/Repository/STM32Cube_FW_G4_V1.5.1/Drivers/STM32G4xx_HAL_Driver/Inc/Legacy -IC:/Users/bcc35/STM32Cube/Repository/STM32Cube_FW_G4_V1.5.1/Drivers/CMSIS/Device/ST/STM32G4xx/Include -IC:/Users/bcc35/STM32Cube/Repository/STM32Cube_FW_G4_V1.5.1/Drivers/CMSIS/Include -O0 -ffunction-sections -fdata-sections -Wall -fstack-usage -fcyclomatic-complexity -MMD -MP -MF"Drivers/STM32G4xx_HAL_Driver/stm32g4xx_hal_rcc.d" -MT"Drivers/STM32G4xx_HAL_Driver/stm32g4xx_hal_rcc.o" --specs=nano.specs -mfpu=fpv4-sp-d16 -mfloat-abi=hard -mthumb -o "Drivers/STM32G4xx_HAL_Driver/stm32g4xx_hal_rcc.o"
arm-none-eabi-gcc "C:/Users/bcc35/STM32Cube/Repository/STM32Cube_FW_G4_V1.5.1/Drivers/STM32G4xx_HAL_Driver/Src/stm32g4xx_hal_rcc_ex.c" -mcpu=cortex-m4 -std=gnu11 -g3 -DDEBUG -DUSE_HAL_DRIVER -DSTM32G474xx -c -I../Core/Inc -IC:/Users/bcc35/STM32Cube/Repository/STM32Cube_FW_G4_V1.5.1/Drivers/STM32G4xx_HAL_Driver/Inc -IC:/Users/bcc35/STM32Cube/Repository/STM32Cube_FW_G4_V1.5.1/Drivers/STM32G4xx_HAL_Driver/Inc/Legacy -IC:/Users/bcc35/STM32Cube/Repository/STM32Cube_FW_G4_V1.5.1/Drivers/CMSIS/Device/ST/STM32G4xx/Include -IC:/Users/bcc35/STM32Cube/Repository/STM32Cube_FW_G4_V1.5.1/Drivers/CMSIS/Include -O0 -ffunction-sections -fdata-sections -Wall -fstack-usage -fcyclomatic-complexity -MMD -MP -MF"Drivers/STM32G4xx_HAL_Driver/stm32g4xx_hal_rcc_ex.d" -MT"Drivers/STM32G4xx_HAL_Driver/stm32g4xx_hal_rcc_ex.o" --specs=nano.specs -mfpu=fpv4-sp-d16 -mfloat-abi=hard -mthumb -o "Drivers/STM32G4xx_HAL_Driver/stm32g4xx_hal_rcc_ex.o"
arm-none-eabi-gcc "C:/Users/bcc35/STM32Cube/Repository/STM32Cube_FW_G4_V1.5.1/Drivers/STM32G4xx_HAL_Driver/Src/stm32g4xx_hal_tim.c" -mcpu=cortex-m4 -std=gnu11 -g3 -DDEBUG -DUSE_HAL_DRIVER -DSTM32G474xx -c -I../Core/Inc -IC:/Users/bcc35/STM32Cube/Repository/STM32Cube_FW_G4_V1.5.1/Drivers/STM32G4xx_HAL_Driver/Inc -IC:/Users/bcc35/STM32Cube/Repository/STM32Cube_FW_G4_V1.5.1/Drivers/STM32G4xx_HAL_Driver/Inc/Legacy -IC:/Users/bcc35/STM32Cube/Repository/STM32Cube_FW_G4_V1.5.1/Drivers/CMSIS/Device/ST/STM32G4xx/Include -IC:/Users/bcc35/STM32Cube/Repository/STM32Cube_FW_G4_V1.5.1/Drivers/CMSIS/Include -O0 -ffunction-sections -fdata-sections -Wall -fstack-usage -fcyclomatic-complexity -MMD -MP -MF"Drivers/STM32G4xx_HAL_Driver/stm32g4xx_hal_tim.d" -MT"Drivers/STM32G4xx_HAL_Driver/stm32g4xx_hal_tim.o" --specs=nano.specs -mfpu=fpv4-sp-d16 -mfloat-abi=hard -mthumb -o "Drivers/STM32G4xx_HAL_Driver/stm32g4xx_hal_tim.o"
arm-none-eabi-gcc "C:/Users/bcc35/STM32Cube/Repository/STM32Cube_FW_G4_V1.5.1/Drivers/STM32G4xx_HAL_Driver/Src/stm32g4xx_hal_tim_ex.c" -mcpu=cortex-m4 -std=gnu11 -g3 -DDEBUG -DUSE_HAL_DRIVER -DSTM32G474xx -c -I../Core/Inc -IC:/Users/bcc35/STM32Cube/Repository/STM32Cube_FW_G4_V1.5.1/Drivers/STM32G4xx_HAL_Driver/Inc -IC:/Users/bcc35/STM32Cube/Repository/STM32Cube_FW_G4_V1.5.1/Drivers/STM32G4xx_HAL_Driver/Inc/Legacy -IC:/Users/bcc35/STM32Cube/Repository/STM32Cube_FW_G4_V1.5.1/Drivers/CMSIS/Device/ST/STM32G4xx/Include -IC:/Users/bcc35/STM32Cube/Repository/STM32Cube_FW_G4_V1.5.1/Drivers/CMSIS/Include -O0 -ffunction-sections -fdata-sections -Wall -fstack-usage -fcyclomatic-complexity -MMD -MP -MF"Drivers/STM32G4xx_HAL_Driver/stm32g4xx_hal_tim_ex.d" -MT"Drivers/STM32G4xx_HAL_Driver/stm32g4xx_hal_tim_ex.o" --specs=nano.specs -mfpu=fpv4-sp-d16 -mfloat-abi=hard -mthumb -o "Drivers/STM32G4xx_HAL_Driver/stm32g4xx_hal_tim_ex.o"
arm-none-eabi-gcc "C:/Users/bcc35/STM32Cube/Repository/STM32Cube_FW_G4_V1.5.1/Drivers/STM32G4xx_HAL_Driver/Src/stm32g4xx_hal_uart.c" -mcpu=cortex-m4 -std=gnu11 -g3 -DDEBUG -DUSE_HAL_DRIVER -DSTM32G474xx -c -I../Core/Inc -IC:/Users/bcc35/STM32Cube/Repository/STM32Cube_FW_G4_V1.5.1/Drivers/STM32G4xx_HAL_Driver/Inc -IC:/Users/bcc35/STM32Cube/Repository/STM32Cube_FW_G4_V1.5.1/Drivers/STM32G4xx_HAL_Driver/Inc/Legacy -IC:/Users/bcc35/STM32Cube/Repository/STM32Cube_FW_G4_V1.5.1/Drivers/CMSIS/Device/ST/STM32G4xx/Include -IC:/Users/bcc35/STM32Cube/Repository/STM32Cube_FW_G4_V1.5.1/Drivers/CMSIS/Include -O0 -ffunction-sections -fdata-sections -Wall -fstack-usage -fcyclomatic-complexity -MMD -MP -MF"Drivers/STM32G4xx_HAL_Driver/stm32g4xx_hal_uart.d" -MT"Drivers/STM32G4xx_HAL_Driver/stm32g4xx_hal_uart.o" --specs=nano.specs -mfpu=fpv4-sp-d16 -mfloat-abi=hard -mthumb -o "Drivers/STM32G4xx_HAL_Driver/stm32g4xx_hal_uart.o"
arm-none-eabi-gcc "C:/Users/bcc35/STM32Cube/Repository/STM32Cube_FW_G4_V1.5.1/Drivers/STM32G4xx_HAL_Driver/Src/stm32g4xx_hal_uart_ex.c" -mcpu=cortex-m4 -std=gnu11 -g3 -DDEBUG -DUSE_HAL_DRIVER -DSTM32G474xx -c -I../Core/Inc -IC:/Users/bcc35/STM32Cube/Repository/STM32Cube_FW_G4_V1.5.1/Drivers/STM32G4xx_HAL_Driver/Inc -IC:/Users/bcc35/STM32Cube/Repository/STM32Cube_FW_G4_V1.5.1/Drivers/STM32G4xx_HAL_Driver/Inc/Legacy -IC:/Users/bcc35/STM32Cube/Repository/STM32Cube_FW_G4_V1.5.1/Drivers/CMSIS/Device/ST/STM32G4xx/Include -IC:/Users/bcc35/STM32Cube/Repository/STM32Cube_FW_G4_V1.5.1/Drivers/CMSIS/Include -O0 -ffunction-sections -fdata-sections -Wall -fstack-usage -fcyclomatic-complexity -MMD -MP -MF"Drivers/STM32G4xx_HAL_Driver/stm32g4xx_hal_uart_ex.d" -MT"Drivers/STM32G4xx_HAL_Driver/stm32g4xx_hal_uart_ex.o" --specs=nano.specs -mfpu=fpv4-sp-d16 -mfloat-abi=hard -mthumb -o "Drivers/STM32G4xx_HAL_Driver/stm32g4xx_hal_uart_ex.o"
arm-none-eabi-gcc -mcpu=cortex-m4 -g3 -DDEBUG -c -x assembler-with-cpp -MMD -MP -MF"Core/Startup/startup_stm32g474retx.d" -MT"Core/Startup/startup_stm32g474retx.o" --specs=nano.specs -mfpu=fpv4-sp-d16 -mfloat-abi=hard -mthumb -o "Core/Startup/startup_stm32g474retx.o" "../Core/Startup/startup_stm32g474retx.s"
arm-none-eabi-gcc "../Core/Src/main.c" -mcpu=cortex-m4 -std=gnu11 -g3 -DDEBUG -DUSE_HAL_DRIVER -DSTM32G474xx -c -I../Core/Inc -IC:/Users/bcc35/STM32Cube/Repository/STM32Cube_FW_G4_V1.5.1/Drivers/STM32G4xx_HAL_Driver/Inc -IC:/Users/bcc35/STM32Cube/Repository/STM32Cube_FW_G4_V1.5.1/Drivers/STM32G4xx_HAL_Driver/Inc/Legacy -IC:/Users/bcc35/STM32Cube/Repository/STM32Cube_FW_G4_V1.5.1/Drivers/CMSIS/Device/ST/STM32G4xx/Include -IC:/Users/bcc35/STM32Cube/Repository/STM32Cube_FW_G4_V1.5.1/Drivers/CMSIS/Include -O0 -ffunction-sections -fdata-sections -Wall -fstack-usage -fcyclomatic-complexity -MMD -MP -MF"Core/Src/main.d" -MT"Core/Src/main.o" --specs=nano.specs -mfpu=fpv4-sp-d16 -mfloat-abi=hard -mthumb -o "Core/Src/main.o"
arm-none-eabi-gcc "../Core/Src/stm32g4xx_hal_msp.c" -mcpu=cortex-m4 -std=gnu11 -g3 -DDEBUG -DUSE_HAL_DRIVER -DSTM32G474xx -c -I../Core/Inc -IC:/Users/bcc35/STM32Cube/Repository/STM32Cube_FW_G4_V1.5.1/Drivers/STM32G4xx_HAL_Driver/Inc -IC:/Users/bcc35/STM32Cube/Repository/STM32Cube_FW_G4_V1.5.1/Drivers/STM32G4xx_HAL_Driver/Inc/Legacy -IC:/Users/bcc35/STM32Cube/Repository/STM32Cube_FW_G4_V1.5.1/Drivers/CMSIS/Device/ST/STM32G4xx/Include -IC:/Users/bcc35/STM32Cube/Repository/STM32Cube_FW_G4_V1.5.1/Drivers/CMSIS/Include -O0 -ffunction-sections -fdata-sections -Wall -fstack-usage -fcyclomatic-complexity -MMD -MP -MF"Core/Src/stm32g4xx_hal_msp.d" -MT"Core/Src/stm32g4xx_hal_msp.o" --specs=nano.specs -mfpu=fpv4-sp-d16 -mfloat-abi=hard -mthumb -o "Core/Src/stm32g4xx_hal_msp.o"
arm-none-eabi-gcc "../Core/Src/stm32g4xx_it.c" -mcpu=cortex-m4 -std=gnu11 -g3 -DDEBUG -DUSE_HAL_DRIVER -DSTM32G474xx -c -I../Core/Inc -IC:/Users/bcc35/STM32Cube/Repository/STM32Cube_FW_G4_V1.5.1/Drivers/STM32G4xx_HAL_Driver/Inc -IC:/Users/bcc35/STM32Cube/Repository/STM32Cube_FW_G4_V1.5.1/Drivers/STM32G4xx_HAL_Driver/Inc/Legacy -IC:/Users/bcc35/STM32Cube/Repository/STM32Cube_FW_G4_V1.5.1/Drivers/CMSIS/Device/ST/STM32G4xx/Include -IC:/Users/bcc35/STM32Cube/Repository/STM32Cube_FW_G4_V1.5.1/Drivers/CMSIS/Include -O0 -ffunction-sections -fdata-sections -Wall -fstack-usage -fcyclomatic-complexity -MMD -MP -MF"Core/Src/stm32g4xx_it.d" -MT"Core/Src/stm32g4xx_it.o" --specs=nano.specs -mfpu=fpv4-sp-d16 -mfloat-abi=hard -mthumb -o "Core/Src/stm32g4xx_it.o"
arm-none-eabi-gcc "../Core/Src/syscalls.c" -mcpu=cortex-m4 -std=gnu11 -g3 -DDEBUG -DUSE_HAL_DRIVER -DSTM32G474xx -c -I../Core/Inc -IC:/Users/bcc35/STM32Cube/Repository/STM32Cube_FW_G4_V1.5.1/Drivers/STM32G4xx_HAL_Driver/Inc -IC:/Users/bcc35/STM32Cube/Repository/STM32Cube_FW_G4_V1.5.1/Drivers/STM32G4xx_HAL_Driver/Inc/Legacy -IC:/Users/bcc35/STM32Cube/Repository/STM32Cube_FW_G4_V1.5.1/Drivers/CMSIS/Device/ST/STM32G4xx/Include -IC:/Users/bcc35/STM32Cube/Repository/STM32Cube_FW_G4_V1.5.1/Drivers/CMSIS/Include -O0 -ffunction-sections -fdata-sections -Wall -fstack-usage -fcyclomatic-complexity -MMD -MP -MF"Core/Src/syscalls.d" -MT"Core/Src/syscalls.o" --specs=nano.specs -mfpu=fpv4-sp-d16 -mfloat-abi=hard -mthumb -o "Core/Src/syscalls.o"
arm-none-eabi-gcc "../Core/Src/sysmem.c" -mcpu=cortex-m4 -std=gnu11 -g3 -DDEBUG -DUSE_HAL_DRIVER -DSTM32G474xx -c -I../Core/Inc -IC:/Users/bcc35/STM32Cube/Repository/STM32Cube_FW_G4_V1.5.1/Drivers/STM32G4xx_HAL_Driver/Inc -IC:/Users/bcc35/STM32Cube/Repository/STM32Cube_FW_G4_V1.5.1/Drivers/STM32G4xx_HAL_Driver/Inc/Legacy -IC:/Users/bcc35/STM32Cube/Repository/STM32Cube_FW_G4_V1.5.1/Drivers/CMSIS/Device/ST/STM32G4xx/Include -IC:/Users/bcc35/STM32Cube/Repository/STM32Cube_FW_G4_V1.5.1/Drivers/CMSIS/Include -O0 -ffunction-sections -fdata-sections -Wall -fstack-usage -fcyclomatic-complexity -MMD -MP -MF"Core/Src/sysmem.d" -MT"Core/Src/sysmem.o" --specs=nano.specs -mfpu=fpv4-sp-d16 -mfloat-abi=hard -mthumb -o "Core/Src/sysmem.o"
arm-none-eabi-gcc "../Core/Src/system_stm32g4xx.c" -mcpu=cortex-m4 -std=gnu11 -g3 -DDEBUG -DUSE_HAL_DRIVER -DSTM32G474xx -c -I../Core/Inc -IC:/Users/bcc35/STM32Cube/Repository/STM32Cube_FW_G4_V1.5.1/Drivers/STM32G4xx_HAL_Driver/Inc -IC:/Users/bcc35/STM32Cube/Repository/STM32Cube_FW_G4_V1.5.1/Drivers/STM32G4xx_HAL_Driver/Inc/Legacy -IC:/Users/bcc35/STM32Cube/Repository/STM32Cube_FW_G4_V1.5.1/Drivers/CMSIS/Device/ST/STM32G4xx/Include -IC:/Users/bcc35/STM32Cube/Repository/STM32Cube_FW_G4_V1.5.1/Drivers/CMSIS/Include -O0 -ffunction-sections -fdata-sections -Wall -fstack-usage -fcyclomatic-complexity -MMD -MP -MF"Core/Src/system_stm32g4xx.d" -MT"Core/Src/system_stm32g4xx.o" --specs=nano.specs -mfpu=fpv4-sp-d16 -mfloat-abi=hard -mthumb -o "Core/Src/system_stm32g4xx.o"
arm-none-eabi-gcc -o "test1.elf" @"objects.list"   -mcpu=cortex-m4 -T"C:\Users\bcc35\Desktop\Elec\test1\STM32G474RETX_FLASH.ld" --specs=nosys.specs -Wl,-Map="test1.map" -Wl,--gc-sections -static --specs=nano.specs -mfpu=fpv4-sp-d16 -mfloat-abi=hard -mthumb -Wl,--start-group -lc -lm -Wl,--end-group
Finished building target: test1.elf
 
arm-none-eabi-size   test1.elf 
arm-none-eabi-objdump -h -S  test1.elf  > "test1.list"
   text	   data	    bss	    dec	    hex	filename
  11448	     20	   1716	  13184	   3380	test1.elf
Finished building: default.size.stdout
 
Finished building: test1.list
 
23:53:17 **** Incremental Build of configuration Debug for project test1 ****
make -j16 all 
arm-none-eabi-gcc "../Core/Src/main.c" -mcpu=cortex-m4 -std=gnu11 -g3 -DDEBUG -DUSE_HAL_DRIVER -DSTM32G474xx -c -I../Core/Inc -IC:/Users/bcc35/STM32Cube/Repository/STM32Cube_FW_G4_V1.5.1/Drivers/STM32G4xx_HAL_Driver/Inc -IC:/Users/bcc35/STM32Cube/Repository/STM32Cube_FW_G4_V1.5.1/Drivers/STM32G4xx_HAL_Driver/Inc/Legacy -IC:/Users/bcc35/STM32Cube/Repository/STM32Cube_FW_G4_V1.5.1/Drivers/CMSIS/Device/ST/STM32G4xx/Include -IC:/Users/bcc35/STM32Cube/Repository/STM32Cube_FW_G4_V1.5.1/Drivers/CMSIS/Include -O0 -ffunction-sections -fdata-sections -Wall -fstack-usage -fcyclomatic-complexity -MMD -MP -MF"Core/Src/main.d" -MT"Core/Src/main.o" --specs=nano.specs -mfpu=fpv4-sp-d16 -mfloat-abi=hard -mthumb -o "Core/Src/main.o"
arm-none-eabi-gcc -o "test1.elf" @"objects.list"   -mcpu=cortex-m4 -T"C:\Users\bcc35\Desktop\Elec\test1\STM32G474RETX_FLASH.ld" --specs=nosys.specs -Wl,-Map="test1.map" -Wl,--gc-sections -static --specs=nano.specs -mfpu=fpv4-sp-d16 -mfloat-abi=hard -mthumb -Wl,--start-group -lc -lm -Wl,--end-group
Finished building target: test1.elf
 
arm-none-eabi-size   test1.elf 
arm-none-eabi-objdump -h -S  test1.elf  > "test1.list"
   text	   data	    bss	    dec	    hex	filename
  11448	     20	   1716	  13184	   3380	test1.elf
Finished building: default.size.stdout
 
Finished building: test1.list
 
23:58:21 **** Incremental Build of configuration Debug for project test1 ****
make -j16 all 
arm-none-eabi-gcc "../Core/Src/main.c" -mcpu=cortex-m4 -std=gnu11 -g3 -DDEBUG -DUSE_HAL_DRIVER -DSTM32G474xx -c -I../Core/Inc -IC:/Users/bcc35/STM32Cube/Repository/STM32Cube_FW_G4_V1.5.1/Drivers/STM32G4xx_HAL_Driver/Inc -IC:/Users/bcc35/STM32Cube/Repository/STM32Cube_FW_G4_V1.5.1/Drivers/STM32G4xx_HAL_Driver/Inc/Legacy -IC:/Users/bcc35/STM32Cube/Repository/STM32Cube_FW_G4_V1.5.1/Drivers/CMSIS/Device/ST/STM32G4xx/Include -IC:/Users/bcc35/STM32Cube/Repository/STM32Cube_FW_G4_V1.5.1/Drivers/CMSIS/Include -O0 -ffunction-sections -fdata-sections -Wall -fstack-usage -fcyclomatic-complexity -MMD -MP -MF"Core/Src/main.d" -MT"Core/Src/main.o" --specs=nano.specs -mfpu=fpv4-sp-d16 -mfloat-abi=hard -mthumb -o "Core/Src/main.o"
arm-none-eabi-gcc -o "test1.elf" @"objects.list"   -mcpu=cortex-m4 -T"C:\Users\bcc35\Desktop\Elec\test1\STM32G474RETX_FLASH.ld" --specs=nosys.specs -Wl,-Map="test1.map" -Wl,--gc-sections -static --specs=nano.specs -mfpu=fpv4-sp-d16 -mfloat-abi=hard -mthumb -Wl,--start-group -lc -lm -Wl,--end-group
Finished building target: test1.elf
 
arm-none-eabi-size   test1.elf 
arm-none-eabi-objdump -h -S  test1.elf  > "test1.list"
   text	   data	    bss	    dec	    hex	filename
  11588	     20	   1716	  13324	   340c	test1.elf
Finished building: default.size.stdout
 
Finished building: test1.list
 
00:02:05 **** Incremental Build of configuration Debug for project test1 ****
make -j16 all 
arm-none-eabi-gcc "../Core/Src/main.c" -mcpu=cortex-m4 -std=gnu11 -g3 -DDEBUG -DUSE_HAL_DRIVER -DSTM32G474xx -c -I../Core/Inc -IC:/Users/bcc35/STM32Cube/Repository/STM32Cube_FW_G4_V1.5.1/Drivers/STM32G4xx_HAL_Driver/Inc -IC:/Users/bcc35/STM32Cube/Repository/STM32Cube_FW_G4_V1.5.1/Drivers/STM32G4xx_HAL_Driver/Inc/Legacy -IC:/Users/bcc35/STM32Cube/Repository/STM32Cube_FW_G4_V1.5.1/Drivers/CMSIS/Device/ST/STM32G4xx/Include -IC:/Users/bcc35/STM32Cube/Repository/STM32Cube_FW_G4_V1.5.1/Drivers/CMSIS/Include -O0 -ffunction-sections -fdata-sections -Wall -fstack-usage -fcyclomatic-complexity -MMD -MP -MF"Core/Src/main.d" -MT"Core/Src/main.o" --specs=nano.specs -mfpu=fpv4-sp-d16 -mfloat-abi=hard -mthumb -o "Core/Src/main.o"
../Core/Src/main.c: In function 'main':
../Core/Src/main.c:103:9: error: 'x' undeclared (first use in this function)
  103 |         x = HAL_GPIO_ReadPin(GPIOC, GPIO_PIN13);
      |         ^
../Core/Src/main.c:103:9: note: each undeclared identifier is reported only once for each function it appears in
../Core/Src/main.c:103:37: error: 'GPIO_PIN13' undeclared (first use in this function); did you mean 'GPIO_PIN_3'?
  103 |         x = HAL_GPIO_ReadPin(GPIOC, GPIO_PIN13);
      |                                     ^~~~~~~~~~
      |                                     GPIO_PIN_3
make: *** [Core/Src/subdir.mk:34: Core/Src/main.o] Error 1
"make -j16 all" terminated with exit code 2. Build might be incomplete.
00:02:52 **** Incremental Build of configuration Debug for project test1 ****
make -j16 all 
arm-none-eabi-gcc "../Core/Src/main.c" -mcpu=cortex-m4 -std=gnu11 -g3 -DDEBUG -DUSE_HAL_DRIVER -DSTM32G474xx -c -I../Core/Inc -IC:/Users/bcc35/STM32Cube/Repository/STM32Cube_FW_G4_V1.5.1/Drivers/STM32G4xx_HAL_Driver/Inc -IC:/Users/bcc35/STM32Cube/Repository/STM32Cube_FW_G4_V1.5.1/Drivers/STM32G4xx_HAL_Driver/Inc/Legacy -IC:/Users/bcc35/STM32Cube/Repository/STM32Cube_FW_G4_V1.5.1/Drivers/CMSIS/Device/ST/STM32G4xx/Include -IC:/Users/bcc35/STM32Cube/Repository/STM32Cube_FW_G4_V1.5.1/Drivers/CMSIS/Include -O0 -ffunction-sections -fdata-sections -Wall -fstack-usage -fcyclomatic-complexity -MMD -MP -MF"Core/Src/main.d" -MT"Core/Src/main.o" --specs=nano.specs -mfpu=fpv4-sp-d16 -mfloat-abi=hard -mthumb -o "Core/Src/main.o"
arm-none-eabi-gcc -o "test1.elf" @"objects.list"   -mcpu=cortex-m4 -T"C:\Users\bcc35\Desktop\Elec\test1\STM32G474RETX_FLASH.ld" --specs=nosys.specs -Wl,-Map="test1.map" -Wl,--gc-sections -static --specs=nano.specs -mfpu=fpv4-sp-d16 -mfloat-abi=hard -mthumb -Wl,--start-group -lc -lm -Wl,--end-group
Finished building target: test1.elf
 
arm-none-eabi-size   test1.elf 
arm-none-eabi-objdump -h -S  test1.elf  > "test1.list"
   text	   data	    bss	    dec	    hex	filename
  11628	     20	   1716	  13364	   3434	test1.elf
Finished building: default.size.stdout
 
Finished building: test1.list
 
00:03:26 **** Incremental Build of configuration Debug for project test1 ****
make -j16 all 
arm-none-eabi-gcc "../Core/Src/main.c" -mcpu=cortex-m4 -std=gnu11 -g3 -DDEBUG -DUSE_HAL_DRIVER -DSTM32G474xx -c -I../Core/Inc -IC:/Users/bcc35/STM32Cube/Repository/STM32Cube_FW_G4_V1.5.1/Drivers/STM32G4xx_HAL_Driver/Inc -IC:/Users/bcc35/STM32Cube/Repository/STM32Cube_FW_G4_V1.5.1/Drivers/STM32G4xx_HAL_Driver/Inc/Legacy -IC:/Users/bcc35/STM32Cube/Repository/STM32Cube_FW_G4_V1.5.1/Drivers/CMSIS/Device/ST/STM32G4xx/Include -IC:/Users/bcc35/STM32Cube/Repository/STM32Cube_FW_G4_V1.5.1/Drivers/CMSIS/Include -O0 -ffunction-sections -fdata-sections -Wall -fstack-usage -fcyclomatic-complexity -MMD -MP -MF"Core/Src/main.d" -MT"Core/Src/main.o" --specs=nano.specs -mfpu=fpv4-sp-d16 -mfloat-abi=hard -mthumb -o "Core/Src/main.o"
arm-none-eabi-gcc -o "test1.elf" @"objects.list"   -mcpu=cortex-m4 -T"C:\Users\bcc35\Desktop\Elec\test1\STM32G474RETX_FLASH.ld" --specs=nosys.specs -Wl,-Map="test1.map" -Wl,--gc-sections -static --specs=nano.specs -mfpu=fpv4-sp-d16 -mfloat-abi=hard -mthumb -Wl,--start-group -lc -lm -Wl,--end-group
Finished building target: test1.elf
 
arm-none-eabi-size   test1.elf 
arm-none-eabi-objdump -h -S  test1.elf  > "test1.list"
   text	   data	    bss	    dec	    hex	filename
  11552	     20	   1716	  13288	   33e8	test1.elf
Finished building: default.size.stdout
 
Finished building: test1.list
 
10:05:06 **** Incremental Build of configuration Debug for project test1 ****
make -j16 all 
arm-none-eabi-size   test1.elf 
   text	   data	    bss	    dec	    hex	filename
  11552	     20	   1716	  13288	   33e8	test1.elf
Finished building: default.size.stdout
 
10:05:07 **** Build of configuration Debug for project week2_interupt ****
make -j16 all 
arm-none-eabi-gcc "C:/Users/bcc35/STM32Cube/Repository/STM32Cube_FW_G4_V1.5.1/Drivers/STM32G4xx_HAL_Driver/Src/stm32g4xx_hal.c" -mcpu=cortex-m4 -std=gnu11 -g3 -DDEBUG -DUSE_HAL_DRIVER -DSTM32G474xx -c -I../Core/Inc -IC:/Users/bcc35/STM32Cube/Repository/STM32Cube_FW_G4_V1.5.1/Drivers/STM32G4xx_HAL_Driver/Inc -IC:/Users/bcc35/STM32Cube/Repository/STM32Cube_FW_G4_V1.5.1/Drivers/STM32G4xx_HAL_Driver/Inc/Legacy -IC:/Users/bcc35/STM32Cube/Repository/STM32Cube_FW_G4_V1.5.1/Drivers/CMSIS/Device/ST/STM32G4xx/Include -IC:/Users/bcc35/STM32Cube/Repository/STM32Cube_FW_G4_V1.5.1/Drivers/CMSIS/Include -O0 -ffunction-sections -fdata-sections -Wall -fstack-usage -fcyclomatic-complexity -MMD -MP -MF"Drivers/STM32G4xx_HAL_Driver/stm32g4xx_hal.d" -MT"Drivers/STM32G4xx_HAL_Driver/stm32g4xx_hal.o" --specs=nano.specs -mfpu=fpv4-sp-d16 -mfloat-abi=hard -mthumb -o "Drivers/STM32G4xx_HAL_Driver/stm32g4xx_hal.o"
arm-none-eabi-gcc "C:/Users/bcc35/STM32Cube/Repository/STM32Cube_FW_G4_V1.5.1/Drivers/STM32G4xx_HAL_Driver/Src/stm32g4xx_hal_cortex.c" -mcpu=cortex-m4 -std=gnu11 -g3 -DDEBUG -DUSE_HAL_DRIVER -DSTM32G474xx -c -I../Core/Inc -IC:/Users/bcc35/STM32Cube/Repository/STM32Cube_FW_G4_V1.5.1/Drivers/STM32G4xx_HAL_Driver/Inc -IC:/Users/bcc35/STM32Cube/Repository/STM32Cube_FW_G4_V1.5.1/Drivers/STM32G4xx_HAL_Driver/Inc/Legacy -IC:/Users/bcc35/STM32Cube/Repository/STM32Cube_FW_G4_V1.5.1/Drivers/CMSIS/Device/ST/STM32G4xx/Include -IC:/Users/bcc35/STM32Cube/Repository/STM32Cube_FW_G4_V1.5.1/Drivers/CMSIS/Include -O0 -ffunction-sections -fdata-sections -Wall -fstack-usage -fcyclomatic-complexity -MMD -MP -MF"Drivers/STM32G4xx_HAL_Driver/stm32g4xx_hal_cortex.d" -MT"Drivers/STM32G4xx_HAL_Driver/stm32g4xx_hal_cortex.o" --specs=nano.specs -mfpu=fpv4-sp-d16 -mfloat-abi=hard -mthumb -o "Drivers/STM32G4xx_HAL_Driver/stm32g4xx_hal_cortex.o"
arm-none-eabi-gcc "C:/Users/bcc35/STM32Cube/Repository/STM32Cube_FW_G4_V1.5.1/Drivers/STM32G4xx_HAL_Driver/Src/stm32g4xx_hal_dma.c" -mcpu=cortex-m4 -std=gnu11 -g3 -DDEBUG -DUSE_HAL_DRIVER -DSTM32G474xx -c -I../Core/Inc -IC:/Users/bcc35/STM32Cube/Repository/STM32Cube_FW_G4_V1.5.1/Drivers/STM32G4xx_HAL_Driver/Inc -IC:/Users/bcc35/STM32Cube/Repository/STM32Cube_FW_G4_V1.5.1/Drivers/STM32G4xx_HAL_Driver/Inc/Legacy -IC:/Users/bcc35/STM32Cube/Repository/STM32Cube_FW_G4_V1.5.1/Drivers/CMSIS/Device/ST/STM32G4xx/Include -IC:/Users/bcc35/STM32Cube/Repository/STM32Cube_FW_G4_V1.5.1/Drivers/CMSIS/Include -O0 -ffunction-sections -fdata-sections -Wall -fstack-usage -fcyclomatic-complexity -MMD -MP -MF"Drivers/STM32G4xx_HAL_Driver/stm32g4xx_hal_dma.d" -MT"Drivers/STM32G4xx_HAL_Driver/stm32g4xx_hal_dma.o" --specs=nano.specs -mfpu=fpv4-sp-d16 -mfloat-abi=hard -mthumb -o "Drivers/STM32G4xx_HAL_Driver/stm32g4xx_hal_dma.o"
arm-none-eabi-gcc "C:/Users/bcc35/STM32Cube/Repository/STM32Cube_FW_G4_V1.5.1/Drivers/STM32G4xx_HAL_Driver/Src/stm32g4xx_hal_dma_ex.c" -mcpu=cortex-m4 -std=gnu11 -g3 -DDEBUG -DUSE_HAL_DRIVER -DSTM32G474xx -c -I../Core/Inc -IC:/Users/bcc35/STM32Cube/Repository/STM32Cube_FW_G4_V1.5.1/Drivers/STM32G4xx_HAL_Driver/Inc -IC:/Users/bcc35/STM32Cube/Repository/STM32Cube_FW_G4_V1.5.1/Drivers/STM32G4xx_HAL_Driver/Inc/Legacy -IC:/Users/bcc35/STM32Cube/Repository/STM32Cube_FW_G4_V1.5.1/Drivers/CMSIS/Device/ST/STM32G4xx/Include -IC:/Users/bcc35/STM32Cube/Repository/STM32Cube_FW_G4_V1.5.1/Drivers/CMSIS/Include -O0 -ffunction-sections -fdata-sections -Wall -fstack-usage -fcyclomatic-complexity -MMD -MP -MF"Drivers/STM32G4xx_HAL_Driver/stm32g4xx_hal_dma_ex.d" -MT"Drivers/STM32G4xx_HAL_Driver/stm32g4xx_hal_dma_ex.o" --specs=nano.specs -mfpu=fpv4-sp-d16 -mfloat-abi=hard -mthumb -o "Drivers/STM32G4xx_HAL_Driver/stm32g4xx_hal_dma_ex.o"
arm-none-eabi-gcc "C:/Users/bcc35/STM32Cube/Repository/STM32Cube_FW_G4_V1.5.1/Drivers/STM32G4xx_HAL_Driver/Src/stm32g4xx_hal_exti.c" -mcpu=cortex-m4 -std=gnu11 -g3 -DDEBUG -DUSE_HAL_DRIVER -DSTM32G474xx -c -I../Core/Inc -IC:/Users/bcc35/STM32Cube/Repository/STM32Cube_FW_G4_V1.5.1/Drivers/STM32G4xx_HAL_Driver/Inc -IC:/Users/bcc35/STM32Cube/Repository/STM32Cube_FW_G4_V1.5.1/Drivers/STM32G4xx_HAL_Driver/Inc/Legacy -IC:/Users/bcc35/STM32Cube/Repository/STM32Cube_FW_G4_V1.5.1/Drivers/CMSIS/Device/ST/STM32G4xx/Include -IC:/Users/bcc35/STM32Cube/Repository/STM32Cube_FW_G4_V1.5.1/Drivers/CMSIS/Include -O0 -ffunction-sections -fdata-sections -Wall -fstack-usage -fcyclomatic-complexity -MMD -MP -MF"Drivers/STM32G4xx_HAL_Driver/stm32g4xx_hal_exti.d" -MT"Drivers/STM32G4xx_HAL_Driver/stm32g4xx_hal_exti.o" --specs=nano.specs -mfpu=fpv4-sp-d16 -mfloat-abi=hard -mthumb -o "Drivers/STM32G4xx_HAL_Driver/stm32g4xx_hal_exti.o"
arm-none-eabi-gcc "C:/Users/bcc35/STM32Cube/Repository/STM32Cube_FW_G4_V1.5.1/Drivers/STM32G4xx_HAL_Driver/Src/stm32g4xx_hal_flash.c" -mcpu=cortex-m4 -std=gnu11 -g3 -DDEBUG -DUSE_HAL_DRIVER -DSTM32G474xx -c -I../Core/Inc -IC:/Users/bcc35/STM32Cube/Repository/STM32Cube_FW_G4_V1.5.1/Drivers/STM32G4xx_HAL_Driver/Inc -IC:/Users/bcc35/STM32Cube/Repository/STM32Cube_FW_G4_V1.5.1/Drivers/STM32G4xx_HAL_Driver/Inc/Legacy -IC:/Users/bcc35/STM32Cube/Repository/STM32Cube_FW_G4_V1.5.1/Drivers/CMSIS/Device/ST/STM32G4xx/Include -IC:/Users/bcc35/STM32Cube/Repository/STM32Cube_FW_G4_V1.5.1/Drivers/CMSIS/Include -O0 -ffunction-sections -fdata-sections -Wall -fstack-usage -fcyclomatic-complexity -MMD -MP -MF"Drivers/STM32G4xx_HAL_Driver/stm32g4xx_hal_flash.d" -MT"Drivers/STM32G4xx_HAL_Driver/stm32g4xx_hal_flash.o" --specs=nano.specs -mfpu=fpv4-sp-d16 -mfloat-abi=hard -mthumb -o "Drivers/STM32G4xx_HAL_Driver/stm32g4xx_hal_flash.o"
arm-none-eabi-gcc "C:/Users/bcc35/STM32Cube/Repository/STM32Cube_FW_G4_V1.5.1/Drivers/STM32G4xx_HAL_Driver/Src/stm32g4xx_hal_flash_ex.c" -mcpu=cortex-m4 -std=gnu11 -g3 -DDEBUG -DUSE_HAL_DRIVER -DSTM32G474xx -c -I../Core/Inc -IC:/Users/bcc35/STM32Cube/Repository/STM32Cube_FW_G4_V1.5.1/Drivers/STM32G4xx_HAL_Driver/Inc -IC:/Users/bcc35/STM32Cube/Repository/STM32Cube_FW_G4_V1.5.1/Drivers/STM32G4xx_HAL_Driver/Inc/Legacy -IC:/Users/bcc35/STM32Cube/Repository/STM32Cube_FW_G4_V1.5.1/Drivers/CMSIS/Device/ST/STM32G4xx/Include -IC:/Users/bcc35/STM32Cube/Repository/STM32Cube_FW_G4_V1.5.1/Drivers/CMSIS/Include -O0 -ffunction-sections -fdata-sections -Wall -fstack-usage -fcyclomatic-complexity -MMD -MP -MF"Drivers/STM32G4xx_HAL_Driver/stm32g4xx_hal_flash_ex.d" -MT"Drivers/STM32G4xx_HAL_Driver/stm32g4xx_hal_flash_ex.o" --specs=nano.specs -mfpu=fpv4-sp-d16 -mfloat-abi=hard -mthumb -o "Drivers/STM32G4xx_HAL_Driver/stm32g4xx_hal_flash_ex.o"
arm-none-eabi-gcc "C:/Users/bcc35/STM32Cube/Repository/STM32Cube_FW_G4_V1.5.1/Drivers/STM32G4xx_HAL_Driver/Src/stm32g4xx_hal_flash_ramfunc.c" -mcpu=cortex-m4 -std=gnu11 -g3 -DDEBUG -DUSE_HAL_DRIVER -DSTM32G474xx -c -I../Core/Inc -IC:/Users/bcc35/STM32Cube/Repository/STM32Cube_FW_G4_V1.5.1/Drivers/STM32G4xx_HAL_Driver/Inc -IC:/Users/bcc35/STM32Cube/Repository/STM32Cube_FW_G4_V1.5.1/Drivers/STM32G4xx_HAL_Driver/Inc/Legacy -IC:/Users/bcc35/STM32Cube/Repository/STM32Cube_FW_G4_V1.5.1/Drivers/CMSIS/Device/ST/STM32G4xx/Include -IC:/Users/bcc35/STM32Cube/Repository/STM32Cube_FW_G4_V1.5.1/Drivers/CMSIS/Include -O0 -ffunction-sections -fdata-sections -Wall -fstack-usage -fcyclomatic-complexity -MMD -MP -MF"Drivers/STM32G4xx_HAL_Driver/stm32g4xx_hal_flash_ramfunc.d" -MT"Drivers/STM32G4xx_HAL_Driver/stm32g4xx_hal_flash_ramfunc.o" --specs=nano.specs -mfpu=fpv4-sp-d16 -mfloat-abi=hard -mthumb -o "Drivers/STM32G4xx_HAL_Driver/stm32g4xx_hal_flash_ramfunc.o"
arm-none-eabi-gcc "C:/Users/bcc35/STM32Cube/Repository/STM32Cube_FW_G4_V1.5.1/Drivers/STM32G4xx_HAL_Driver/Src/stm32g4xx_hal_gpio.c" -mcpu=cortex-m4 -std=gnu11 -g3 -DDEBUG -DUSE_HAL_DRIVER -DSTM32G474xx -c -I../Core/Inc -IC:/Users/bcc35/STM32Cube/Repository/STM32Cube_FW_G4_V1.5.1/Drivers/STM32G4xx_HAL_Driver/Inc -IC:/Users/bcc35/STM32Cube/Repository/STM32Cube_FW_G4_V1.5.1/Drivers/STM32G4xx_HAL_Driver/Inc/Legacy -IC:/Users/bcc35/STM32Cube/Repository/STM32Cube_FW_G4_V1.5.1/Drivers/CMSIS/Device/ST/STM32G4xx/Include -IC:/Users/bcc35/STM32Cube/Repository/STM32Cube_FW_G4_V1.5.1/Drivers/CMSIS/Include -O0 -ffunction-sections -fdata-sections -Wall -fstack-usage -fcyclomatic-complexity -MMD -MP -MF"Drivers/STM32G4xx_HAL_Driver/stm32g4xx_hal_gpio.d" -MT"Drivers/STM32G4xx_HAL_Driver/stm32g4xx_hal_gpio.o" --specs=nano.specs -mfpu=fpv4-sp-d16 -mfloat-abi=hard -mthumb -o "Drivers/STM32G4xx_HAL_Driver/stm32g4xx_hal_gpio.o"
arm-none-eabi-gcc "C:/Users/bcc35/STM32Cube/Repository/STM32Cube_FW_G4_V1.5.1/Drivers/STM32G4xx_HAL_Driver/Src/stm32g4xx_hal_pwr.c" -mcpu=cortex-m4 -std=gnu11 -g3 -DDEBUG -DUSE_HAL_DRIVER -DSTM32G474xx -c -I../Core/Inc -IC:/Users/bcc35/STM32Cube/Repository/STM32Cube_FW_G4_V1.5.1/Drivers/STM32G4xx_HAL_Driver/Inc -IC:/Users/bcc35/STM32Cube/Repository/STM32Cube_FW_G4_V1.5.1/Drivers/STM32G4xx_HAL_Driver/Inc/Legacy -IC:/Users/bcc35/STM32Cube/Repository/STM32Cube_FW_G4_V1.5.1/Drivers/CMSIS/Device/ST/STM32G4xx/Include -IC:/Users/bcc35/STM32Cube/Repository/STM32Cube_FW_G4_V1.5.1/Drivers/CMSIS/Include -O0 -ffunction-sections -fdata-sections -Wall -fstack-usage -fcyclomatic-complexity -MMD -MP -MF"Drivers/STM32G4xx_HAL_Driver/stm32g4xx_hal_pwr.d" -MT"Drivers/STM32G4xx_HAL_Driver/stm32g4xx_hal_pwr.o" --specs=nano.specs -mfpu=fpv4-sp-d16 -mfloat-abi=hard -mthumb -o "Drivers/STM32G4xx_HAL_Driver/stm32g4xx_hal_pwr.o"
arm-none-eabi-gcc "C:/Users/bcc35/STM32Cube/Repository/STM32Cube_FW_G4_V1.5.1/Drivers/STM32G4xx_HAL_Driver/Src/stm32g4xx_hal_pwr_ex.c" -mcpu=cortex-m4 -std=gnu11 -g3 -DDEBUG -DUSE_HAL_DRIVER -DSTM32G474xx -c -I../Core/Inc -IC:/Users/bcc35/STM32Cube/Repository/STM32Cube_FW_G4_V1.5.1/Drivers/STM32G4xx_HAL_Driver/Inc -IC:/Users/bcc35/STM32Cube/Repository/STM32Cube_FW_G4_V1.5.1/Drivers/STM32G4xx_HAL_Driver/Inc/Legacy -IC:/Users/bcc35/STM32Cube/Repository/STM32Cube_FW_G4_V1.5.1/Drivers/CMSIS/Device/ST/STM32G4xx/Include -IC:/Users/bcc35/STM32Cube/Repository/STM32Cube_FW_G4_V1.5.1/Drivers/CMSIS/Include -O0 -ffunction-sections -fdata-sections -Wall -fstack-usage -fcyclomatic-complexity -MMD -MP -MF"Drivers/STM32G4xx_HAL_Driver/stm32g4xx_hal_pwr_ex.d" -MT"Drivers/STM32G4xx_HAL_Driver/stm32g4xx_hal_pwr_ex.o" --specs=nano.specs -mfpu=fpv4-sp-d16 -mfloat-abi=hard -mthumb -o "Drivers/STM32G4xx_HAL_Driver/stm32g4xx_hal_pwr_ex.o"
arm-none-eabi-gcc "C:/Users/bcc35/STM32Cube/Repository/STM32Cube_FW_G4_V1.5.1/Drivers/STM32G4xx_HAL_Driver/Src/stm32g4xx_hal_rcc.c" -mcpu=cortex-m4 -std=gnu11 -g3 -DDEBUG -DUSE_HAL_DRIVER -DSTM32G474xx -c -I../Core/Inc -IC:/Users/bcc35/STM32Cube/Repository/STM32Cube_FW_G4_V1.5.1/Drivers/STM32G4xx_HAL_Driver/Inc -IC:/Users/bcc35/STM32Cube/Repository/STM32Cube_FW_G4_V1.5.1/Drivers/STM32G4xx_HAL_Driver/Inc/Legacy -IC:/Users/bcc35/STM32Cube/Repository/STM32Cube_FW_G4_V1.5.1/Drivers/CMSIS/Device/ST/STM32G4xx/Include -IC:/Users/bcc35/STM32Cube/Repository/STM32Cube_FW_G4_V1.5.1/Drivers/CMSIS/Include -O0 -ffunction-sections -fdata-sections -Wall -fstack-usage -fcyclomatic-complexity -MMD -MP -MF"Drivers/STM32G4xx_HAL_Driver/stm32g4xx_hal_rcc.d" -MT"Drivers/STM32G4xx_HAL_Driver/stm32g4xx_hal_rcc.o" --specs=nano.specs -mfpu=fpv4-sp-d16 -mfloat-abi=hard -mthumb -o "Drivers/STM32G4xx_HAL_Driver/stm32g4xx_hal_rcc.o"
arm-none-eabi-gcc "C:/Users/bcc35/STM32Cube/Repository/STM32Cube_FW_G4_V1.5.1/Drivers/STM32G4xx_HAL_Driver/Src/stm32g4xx_hal_rcc_ex.c" -mcpu=cortex-m4 -std=gnu11 -g3 -DDEBUG -DUSE_HAL_DRIVER -DSTM32G474xx -c -I../Core/Inc -IC:/Users/bcc35/STM32Cube/Repository/STM32Cube_FW_G4_V1.5.1/Drivers/STM32G4xx_HAL_Driver/Inc -IC:/Users/bcc35/STM32Cube/Repository/STM32Cube_FW_G4_V1.5.1/Drivers/STM32G4xx_HAL_Driver/Inc/Legacy -IC:/Users/bcc35/STM32Cube/Repository/STM32Cube_FW_G4_V1.5.1/Drivers/CMSIS/Device/ST/STM32G4xx/Include -IC:/Users/bcc35/STM32Cube/Repository/STM32Cube_FW_G4_V1.5.1/Drivers/CMSIS/Include -O0 -ffunction-sections -fdata-sections -Wall -fstack-usage -fcyclomatic-complexity -MMD -MP -MF"Drivers/STM32G4xx_HAL_Driver/stm32g4xx_hal_rcc_ex.d" -MT"Drivers/STM32G4xx_HAL_Driver/stm32g4xx_hal_rcc_ex.o" --specs=nano.specs -mfpu=fpv4-sp-d16 -mfloat-abi=hard -mthumb -o "Drivers/STM32G4xx_HAL_Driver/stm32g4xx_hal_rcc_ex.o"
arm-none-eabi-gcc "C:/Users/bcc35/STM32Cube/Repository/STM32Cube_FW_G4_V1.5.1/Drivers/STM32G4xx_HAL_Driver/Src/stm32g4xx_hal_tim.c" -mcpu=cortex-m4 -std=gnu11 -g3 -DDEBUG -DUSE_HAL_DRIVER -DSTM32G474xx -c -I../Core/Inc -IC:/Users/bcc35/STM32Cube/Repository/STM32Cube_FW_G4_V1.5.1/Drivers/STM32G4xx_HAL_Driver/Inc -IC:/Users/bcc35/STM32Cube/Repository/STM32Cube_FW_G4_V1.5.1/Drivers/STM32G4xx_HAL_Driver/Inc/Legacy -IC:/Users/bcc35/STM32Cube/Repository/STM32Cube_FW_G4_V1.5.1/Drivers/CMSIS/Device/ST/STM32G4xx/Include -IC:/Users/bcc35/STM32Cube/Repository/STM32Cube_FW_G4_V1.5.1/Drivers/CMSIS/Include -O0 -ffunction-sections -fdata-sections -Wall -fstack-usage -fcyclomatic-complexity -MMD -MP -MF"Drivers/STM32G4xx_HAL_Driver/stm32g4xx_hal_tim.d" -MT"Drivers/STM32G4xx_HAL_Driver/stm32g4xx_hal_tim.o" --specs=nano.specs -mfpu=fpv4-sp-d16 -mfloat-abi=hard -mthumb -o "Drivers/STM32G4xx_HAL_Driver/stm32g4xx_hal_tim.o"
arm-none-eabi-gcc "C:/Users/bcc35/STM32Cube/Repository/STM32Cube_FW_G4_V1.5.1/Drivers/STM32G4xx_HAL_Driver/Src/stm32g4xx_hal_tim_ex.c" -mcpu=cortex-m4 -std=gnu11 -g3 -DDEBUG -DUSE_HAL_DRIVER -DSTM32G474xx -c -I../Core/Inc -IC:/Users/bcc35/STM32Cube/Repository/STM32Cube_FW_G4_V1.5.1/Drivers/STM32G4xx_HAL_Driver/Inc -IC:/Users/bcc35/STM32Cube/Repository/STM32Cube_FW_G4_V1.5.1/Drivers/STM32G4xx_HAL_Driver/Inc/Legacy -IC:/Users/bcc35/STM32Cube/Repository/STM32Cube_FW_G4_V1.5.1/Drivers/CMSIS/Device/ST/STM32G4xx/Include -IC:/Users/bcc35/STM32Cube/Repository/STM32Cube_FW_G4_V1.5.1/Drivers/CMSIS/Include -O0 -ffunction-sections -fdata-sections -Wall -fstack-usage -fcyclomatic-complexity -MMD -MP -MF"Drivers/STM32G4xx_HAL_Driver/stm32g4xx_hal_tim_ex.d" -MT"Drivers/STM32G4xx_HAL_Driver/stm32g4xx_hal_tim_ex.o" --specs=nano.specs -mfpu=fpv4-sp-d16 -mfloat-abi=hard -mthumb -o "Drivers/STM32G4xx_HAL_Driver/stm32g4xx_hal_tim_ex.o"
arm-none-eabi-gcc "C:/Users/bcc35/STM32Cube/Repository/STM32Cube_FW_G4_V1.5.1/Drivers/STM32G4xx_HAL_Driver/Src/stm32g4xx_hal_uart.c" -mcpu=cortex-m4 -std=gnu11 -g3 -DDEBUG -DUSE_HAL_DRIVER -DSTM32G474xx -c -I../Core/Inc -IC:/Users/bcc35/STM32Cube/Repository/STM32Cube_FW_G4_V1.5.1/Drivers/STM32G4xx_HAL_Driver/Inc -IC:/Users/bcc35/STM32Cube/Repository/STM32Cube_FW_G4_V1.5.1/Drivers/STM32G4xx_HAL_Driver/Inc/Legacy -IC:/Users/bcc35/STM32Cube/Repository/STM32Cube_FW_G4_V1.5.1/Drivers/CMSIS/Device/ST/STM32G4xx/Include -IC:/Users/bcc35/STM32Cube/Repository/STM32Cube_FW_G4_V1.5.1/Drivers/CMSIS/Include -O0 -ffunction-sections -fdata-sections -Wall -fstack-usage -fcyclomatic-complexity -MMD -MP -MF"Drivers/STM32G4xx_HAL_Driver/stm32g4xx_hal_uart.d" -MT"Drivers/STM32G4xx_HAL_Driver/stm32g4xx_hal_uart.o" --specs=nano.specs -mfpu=fpv4-sp-d16 -mfloat-abi=hard -mthumb -o "Drivers/STM32G4xx_HAL_Driver/stm32g4xx_hal_uart.o"
arm-none-eabi-gcc "C:/Users/bcc35/STM32Cube/Repository/STM32Cube_FW_G4_V1.5.1/Drivers/STM32G4xx_HAL_Driver/Src/stm32g4xx_hal_uart_ex.c" -mcpu=cortex-m4 -std=gnu11 -g3 -DDEBUG -DUSE_HAL_DRIVER -DSTM32G474xx -c -I../Core/Inc -IC:/Users/bcc35/STM32Cube/Repository/STM32Cube_FW_G4_V1.5.1/Drivers/STM32G4xx_HAL_Driver/Inc -IC:/Users/bcc35/STM32Cube/Repository/STM32Cube_FW_G4_V1.5.1/Drivers/STM32G4xx_HAL_Driver/Inc/Legacy -IC:/Users/bcc35/STM32Cube/Repository/STM32Cube_FW_G4_V1.5.1/Drivers/CMSIS/Device/ST/STM32G4xx/Include -IC:/Users/bcc35/STM32Cube/Repository/STM32Cube_FW_G4_V1.5.1/Drivers/CMSIS/Include -O0 -ffunction-sections -fdata-sections -Wall -fstack-usage -fcyclomatic-complexity -MMD -MP -MF"Drivers/STM32G4xx_HAL_Driver/stm32g4xx_hal_uart_ex.d" -MT"Drivers/STM32G4xx_HAL_Driver/stm32g4xx_hal_uart_ex.o" --specs=nano.specs -mfpu=fpv4-sp-d16 -mfloat-abi=hard -mthumb -o "Drivers/STM32G4xx_HAL_Driver/stm32g4xx_hal_uart_ex.o"
arm-none-eabi-gcc -mcpu=cortex-m4 -g3 -DDEBUG -c -x assembler-with-cpp -MMD -MP -MF"Core/Startup/startup_stm32g474retx.d" -MT"Core/Startup/startup_stm32g474retx.o" --specs=nano.specs -mfpu=fpv4-sp-d16 -mfloat-abi=hard -mthumb -o "Core/Startup/startup_stm32g474retx.o" "../Core/Startup/startup_stm32g474retx.s"
arm-none-eabi-gcc "../Core/Src/main.c" -mcpu=cortex-m4 -std=gnu11 -g3 -DDEBUG -DUSE_HAL_DRIVER -DSTM32G474xx -c -I../Core/Inc -IC:/Users/bcc35/STM32Cube/Repository/STM32Cube_FW_G4_V1.5.1/Drivers/STM32G4xx_HAL_Driver/Inc -IC:/Users/bcc35/STM32Cube/Repository/STM32Cube_FW_G4_V1.5.1/Drivers/STM32G4xx_HAL_Driver/Inc/Legacy -IC:/Users/bcc35/STM32Cube/Repository/STM32Cube_FW_G4_V1.5.1/Drivers/CMSIS/Device/ST/STM32G4xx/Include -IC:/Users/bcc35/STM32Cube/Repository/STM32Cube_FW_G4_V1.5.1/Drivers/CMSIS/Include -O0 -ffunction-sections -fdata-sections -Wall -fstack-usage -fcyclomatic-complexity -MMD -MP -MF"Core/Src/main.d" -MT"Core/Src/main.o" --specs=nano.specs -mfpu=fpv4-sp-d16 -mfloat-abi=hard -mthumb -o "Core/Src/main.o"
arm-none-eabi-gcc "../Core/Src/stm32g4xx_hal_msp.c" -mcpu=cortex-m4 -std=gnu11 -g3 -DDEBUG -DUSE_HAL_DRIVER -DSTM32G474xx -c -I../Core/Inc -IC:/Users/bcc35/STM32Cube/Repository/STM32Cube_FW_G4_V1.5.1/Drivers/STM32G4xx_HAL_Driver/Inc -IC:/Users/bcc35/STM32Cube/Repository/STM32Cube_FW_G4_V1.5.1/Drivers/STM32G4xx_HAL_Driver/Inc/Legacy -IC:/Users/bcc35/STM32Cube/Repository/STM32Cube_FW_G4_V1.5.1/Drivers/CMSIS/Device/ST/STM32G4xx/Include -IC:/Users/bcc35/STM32Cube/Repository/STM32Cube_FW_G4_V1.5.1/Drivers/CMSIS/Include -O0 -ffunction-sections -fdata-sections -Wall -fstack-usage -fcyclomatic-complexity -MMD -MP -MF"Core/Src/stm32g4xx_hal_msp.d" -MT"Core/Src/stm32g4xx_hal_msp.o" --specs=nano.specs -mfpu=fpv4-sp-d16 -mfloat-abi=hard -mthumb -o "Core/Src/stm32g4xx_hal_msp.o"
arm-none-eabi-gcc "../Core/Src/stm32g4xx_it.c" -mcpu=cortex-m4 -std=gnu11 -g3 -DDEBUG -DUSE_HAL_DRIVER -DSTM32G474xx -c -I../Core/Inc -IC:/Users/bcc35/STM32Cube/Repository/STM32Cube_FW_G4_V1.5.1/Drivers/STM32G4xx_HAL_Driver/Inc -IC:/Users/bcc35/STM32Cube/Repository/STM32Cube_FW_G4_V1.5.1/Drivers/STM32G4xx_HAL_Driver/Inc/Legacy -IC:/Users/bcc35/STM32Cube/Repository/STM32Cube_FW_G4_V1.5.1/Drivers/CMSIS/Device/ST/STM32G4xx/Include -IC:/Users/bcc35/STM32Cube/Repository/STM32Cube_FW_G4_V1.5.1/Drivers/CMSIS/Include -O0 -ffunction-sections -fdata-sections -Wall -fstack-usage -fcyclomatic-complexity -MMD -MP -MF"Core/Src/stm32g4xx_it.d" -MT"Core/Src/stm32g4xx_it.o" --specs=nano.specs -mfpu=fpv4-sp-d16 -mfloat-abi=hard -mthumb -o "Core/Src/stm32g4xx_it.o"
arm-none-eabi-gcc "../Core/Src/syscalls.c" -mcpu=cortex-m4 -std=gnu11 -g3 -DDEBUG -DUSE_HAL_DRIVER -DSTM32G474xx -c -I../Core/Inc -IC:/Users/bcc35/STM32Cube/Repository/STM32Cube_FW_G4_V1.5.1/Drivers/STM32G4xx_HAL_Driver/Inc -IC:/Users/bcc35/STM32Cube/Repository/STM32Cube_FW_G4_V1.5.1/Drivers/STM32G4xx_HAL_Driver/Inc/Legacy -IC:/Users/bcc35/STM32Cube/Repository/STM32Cube_FW_G4_V1.5.1/Drivers/CMSIS/Device/ST/STM32G4xx/Include -IC:/Users/bcc35/STM32Cube/Repository/STM32Cube_FW_G4_V1.5.1/Drivers/CMSIS/Include -O0 -ffunction-sections -fdata-sections -Wall -fstack-usage -fcyclomatic-complexity -MMD -MP -MF"Core/Src/syscalls.d" -MT"Core/Src/syscalls.o" --specs=nano.specs -mfpu=fpv4-sp-d16 -mfloat-abi=hard -mthumb -o "Core/Src/syscalls.o"
arm-none-eabi-gcc "../Core/Src/sysmem.c" -mcpu=cortex-m4 -std=gnu11 -g3 -DDEBUG -DUSE_HAL_DRIVER -DSTM32G474xx -c -I../Core/Inc -IC:/Users/bcc35/STM32Cube/Repository/STM32Cube_FW_G4_V1.5.1/Drivers/STM32G4xx_HAL_Driver/Inc -IC:/Users/bcc35/STM32Cube/Repository/STM32Cube_FW_G4_V1.5.1/Drivers/STM32G4xx_HAL_Driver/Inc/Legacy -IC:/Users/bcc35/STM32Cube/Repository/STM32Cube_FW_G4_V1.5.1/Drivers/CMSIS/Device/ST/STM32G4xx/Include -IC:/Users/bcc35/STM32Cube/Repository/STM32Cube_FW_G4_V1.5.1/Drivers/CMSIS/Include -O0 -ffunction-sections -fdata-sections -Wall -fstack-usage -fcyclomatic-complexity -MMD -MP -MF"Core/Src/sysmem.d" -MT"Core/Src/sysmem.o" --specs=nano.specs -mfpu=fpv4-sp-d16 -mfloat-abi=hard -mthumb -o "Core/Src/sysmem.o"
arm-none-eabi-gcc "../Core/Src/system_stm32g4xx.c" -mcpu=cortex-m4 -std=gnu11 -g3 -DDEBUG -DUSE_HAL_DRIVER -DSTM32G474xx -c -I../Core/Inc -IC:/Users/bcc35/STM32Cube/Repository/STM32Cube_FW_G4_V1.5.1/Drivers/STM32G4xx_HAL_Driver/Inc -IC:/Users/bcc35/STM32Cube/Repository/STM32Cube_FW_G4_V1.5.1/Drivers/STM32G4xx_HAL_Driver/Inc/Legacy -IC:/Users/bcc35/STM32Cube/Repository/STM32Cube_FW_G4_V1.5.1/Drivers/CMSIS/Device/ST/STM32G4xx/Include -IC:/Users/bcc35/STM32Cube/Repository/STM32Cube_FW_G4_V1.5.1/Drivers/CMSIS/Include -O0 -ffunction-sections -fdata-sections -Wall -fstack-usage -fcyclomatic-complexity -MMD -MP -MF"Core/Src/system_stm32g4xx.d" -MT"Core/Src/system_stm32g4xx.o" --specs=nano.specs -mfpu=fpv4-sp-d16 -mfloat-abi=hard -mthumb -o "Core/Src/system_stm32g4xx.o"
arm-none-eabi-gcc -o "week2_interupt.elf" @"objects.list"   -mcpu=cortex-m4 -T"C:\Users\bcc35\Desktop\Elec\week2_interupt\STM32G474RETX_FLASH.ld" --specs=nosys.specs -Wl,-Map="week2_interupt.map" -Wl,--gc-sections -static --specs=nano.specs -mfpu=fpv4-sp-d16 -mfloat-abi=hard -mthumb -Wl,--start-group -lc -lm -Wl,--end-group
Finished building target: week2_interupt.elf
 
arm-none-eabi-size   week2_interupt.elf 
arm-none-eabi-objdump -h -S  week2_interupt.elf  > "week2_interupt.list"
   text	   data	    bss	    dec	    hex	filename
  11616	     20	   1716	  13352	   3428	week2_interupt.elf
Finished building: default.size.stdout
 
Finished building: week2_interupt.list
 
10:13:36 **** Incremental Build of configuration Debug for project week2_interupt ****
make -j16 all 
arm-none-eabi-gcc "../Core/Src/main.c" -mcpu=cortex-m4 -std=gnu11 -g3 -DDEBUG -DUSE_HAL_DRIVER -DSTM32G474xx -c -I../Core/Inc -IC:/Users/bcc35/STM32Cube/Repository/STM32Cube_FW_G4_V1.5.1/Drivers/STM32G4xx_HAL_Driver/Inc -IC:/Users/bcc35/STM32Cube/Repository/STM32Cube_FW_G4_V1.5.1/Drivers/STM32G4xx_HAL_Driver/Inc/Legacy -IC:/Users/bcc35/STM32Cube/Repository/STM32Cube_FW_G4_V1.5.1/Drivers/CMSIS/Device/ST/STM32G4xx/Include -IC:/Users/bcc35/STM32Cube/Repository/STM32Cube_FW_G4_V1.5.1/Drivers/CMSIS/Include -O0 -ffunction-sections -fdata-sections -Wall -fstack-usage -fcyclomatic-complexity -MMD -MP -MF"Core/Src/main.d" -MT"Core/Src/main.o" --specs=nano.specs -mfpu=fpv4-sp-d16 -mfloat-abi=hard -mthumb -o "Core/Src/main.o"
arm-none-eabi-gcc -o "week2_interupt.elf" @"objects.list"   -mcpu=cortex-m4 -T"C:\Users\bcc35\Desktop\Elec\week2_interupt\STM32G474RETX_FLASH.ld" --specs=nosys.specs -Wl,-Map="week2_interupt.map" -Wl,--gc-sections -static --specs=nano.specs -mfpu=fpv4-sp-d16 -mfloat-abi=hard -mthumb -Wl,--start-group -lc -lm -Wl,--end-group
Finished building target: week2_interupt.elf
 
arm-none-eabi-size   week2_interupt.elf 
arm-none-eabi-objdump -h -S  week2_interupt.elf  > "week2_interupt.list"
   text	   data	    bss	    dec	    hex	filename
  11940	     84	   1724	  13748	   35b4	week2_interupt.elf
Finished building: default.size.stdout
 
Finished building: week2_interupt.list
 
10:36:47 **** Incremental Build of configuration Debug for project week2_interupt ****
make -j16 all 
arm-none-eabi-size   week2_interupt.elf 
   text	   data	    bss	    dec	    hex	filename
  11940	     84	   1724	  13748	   35b4	week2_interupt.elf
Finished building: default.size.stdout
 
10:37:15 **** Incremental Build of configuration Debug for project week2_interupt ****
make -j16 all 
arm-none-eabi-size   week2_interupt.elf 
   text	   data	    bss	    dec	    hex	filename
  11940	     84	   1724	  13748	   35b4	week2_interupt.elf
Finished building: default.size.stdout
 
10:37:27 **** Incremental Build of configuration Debug for project week2_interupt ****
make -j16 all 
arm-none-eabi-size   week2_interupt.elf 
   text	   data	    bss	    dec	    hex	filename
  11940	     84	   1724	  13748	   35b4	week2_interupt.elf
Finished building: default.size.stdout
 
10:37:39 **** Incremental Build of configuration Debug for project week2_interupt ****
make -j16 all 
arm-none-eabi-size   week2_interupt.elf 
   text	   data	    bss	    dec	    hex	filename
  11940	     84	   1724	  13748	   35b4	week2_interupt.elf
Finished building: default.size.stdout
 
10:38:31 **** Incremental Build of configuration Debug for project week2_interupt ****
make -j16 all 
arm-none-eabi-size   week2_interupt.elf 
   text	   data	    bss	    dec	    hex	filename
  11940	     84	   1724	  13748	   35b4	week2_interupt.elf
Finished building: default.size.stdout
 
10:38:45 **** Incremental Build of configuration Debug for project test1 ****
make -j16 all 
arm-none-eabi-size   test1.elf 
   text	   data	    bss	    dec	    hex	filename
  11552	     20	   1716	  13288	   33e8	test1.elf
Finished building: default.size.stdout
 
10:40:13 **** Incremental Build of configuration Debug for project test1 ****
make -j16 all 
arm-none-eabi-size   test1.elf 
   text	   data	    bss	    dec	    hex	filename
  11552	     20	   1716	  13288	   33e8	test1.elf
Finished building: default.size.stdout
 
10:47:40 **** Incremental Build of configuration Debug for project week2_interupt ****
make -j16 all 
arm-none-eabi-gcc "../Core/Src/main.c" -mcpu=cortex-m4 -std=gnu11 -g3 -DDEBUG -DUSE_HAL_DRIVER -DSTM32G474xx -c -I../Core/Inc -IC:/Users/bcc35/STM32Cube/Repository/STM32Cube_FW_G4_V1.5.1/Drivers/STM32G4xx_HAL_Driver/Inc -IC:/Users/bcc35/STM32Cube/Repository/STM32Cube_FW_G4_V1.5.1/Drivers/STM32G4xx_HAL_Driver/Inc/Legacy -IC:/Users/bcc35/STM32Cube/Repository/STM32Cube_FW_G4_V1.5.1/Drivers/CMSIS/Device/ST/STM32G4xx/Include -IC:/Users/bcc35/STM32Cube/Repository/STM32Cube_FW_G4_V1.5.1/Drivers/CMSIS/Include -O0 -ffunction-sections -fdata-sections -Wall -fstack-usage -fcyclomatic-complexity -MMD -MP -MF"Core/Src/main.d" -MT"Core/Src/main.o" --specs=nano.specs -mfpu=fpv4-sp-d16 -mfloat-abi=hard -mthumb -o "Core/Src/main.o"
arm-none-eabi-gcc -o "week2_interupt.elf" @"objects.list"   -mcpu=cortex-m4 -T"C:\Users\bcc35\Desktop\Elec\week2_interupt\STM32G474RETX_FLASH.ld" --specs=nosys.specs -Wl,-Map="week2_interupt.map" -Wl,--gc-sections -static --specs=nano.specs -mfpu=fpv4-sp-d16 -mfloat-abi=hard -mthumb -Wl,--start-group -lc -lm -Wl,--end-group
Finished building target: week2_interupt.elf
 
arm-none-eabi-size   week2_interupt.elf 
arm-none-eabi-objdump -h -S  week2_interupt.elf  > "week2_interupt.list"
   text	   data	    bss	    dec	    hex	filename
  12004	     84	   1724	  13812	   35f4	week2_interupt.elf
Finished building: default.size.stdout
 
Finished building: week2_interupt.list
 
10:47:44 **** Incremental Build of configuration Debug for project test1 ****
make -j16 all 
arm-none-eabi-size   test1.elf 
   text	   data	    bss	    dec	    hex	filename
  11552	     20	   1716	  13288	   33e8	test1.elf
Finished building: default.size.stdout
 
10:47:44 **** Incremental Build of configuration Debug for project week2_interupt ****
make -j16 all 
arm-none-eabi-size   week2_interupt.elf 
   text	   data	    bss	    dec	    hex	filename
  12004	     84	   1724	  13812	   35f4	week2_interupt.elf
Finished building: default.size.stdout
 
10:47:52 **** Incremental Build of configuration Debug for project week2_interupt ****
make -j16 all 
arm-none-eabi-size   week2_interupt.elf 
   text	   data	    bss	    dec	    hex	filename
  12004	     84	   1724	  13812	   35f4	week2_interupt.elf
Finished building: default.size.stdout
 
15:31:40 **** Incremental Build of configuration Debug for project test1 ****
make -j16 all 
arm-none-eabi-size   test1.elf 
   text	   data	    bss	    dec	    hex	filename
  11552	     20	   1716	  13288	   33e8	test1.elf
Finished building: default.size.stdout
 
15:32:23 **** Incremental Build of configuration Debug for project test1 ****
make -j16 all 
arm-none-eabi-size   test1.elf 
   text	   data	    bss	    dec	    hex	filename
  11552	     20	   1716	  13288	   33e8	test1.elf
Finished building: default.size.stdout
 
15:32:48 **** Incremental Build of configuration Debug for project week2_interupt ****
make -j16 all 
arm-none-eabi-size   week2_interupt.elf 
   text	   data	    bss	    dec	    hex	filename
  12004	     84	   1724	  13812	   35f4	week2_interupt.elf
Finished building: default.size.stdout
 
15:37:13 **** Incremental Build of configuration Debug for project week2_interupt ****
make -j16 all 
arm-none-eabi-gcc "../Core/Src/main.c" -mcpu=cortex-m4 -std=gnu11 -g3 -DDEBUG -DUSE_HAL_DRIVER -DSTM32G474xx -c -I../Core/Inc -IC:/Users/bcc35/STM32Cube/Repository/STM32Cube_FW_G4_V1.5.1/Drivers/STM32G4xx_HAL_Driver/Inc -IC:/Users/bcc35/STM32Cube/Repository/STM32Cube_FW_G4_V1.5.1/Drivers/STM32G4xx_HAL_Driver/Inc/Legacy -IC:/Users/bcc35/STM32Cube/Repository/STM32Cube_FW_G4_V1.5.1/Drivers/CMSIS/Device/ST/STM32G4xx/Include -IC:/Users/bcc35/STM32Cube/Repository/STM32Cube_FW_G4_V1.5.1/Drivers/CMSIS/Include -O0 -ffunction-sections -fdata-sections -Wall -fstack-usage -fcyclomatic-complexity -MMD -MP -MF"Core/Src/main.d" -MT"Core/Src/main.o" --specs=nano.specs -mfpu=fpv4-sp-d16 -mfloat-abi=hard -mthumb -o "Core/Src/main.o"
arm-none-eabi-gcc "../Core/Src/stm32g4xx_hal_msp.c" -mcpu=cortex-m4 -std=gnu11 -g3 -DDEBUG -DUSE_HAL_DRIVER -DSTM32G474xx -c -I../Core/Inc -IC:/Users/bcc35/STM32Cube/Repository/STM32Cube_FW_G4_V1.5.1/Drivers/STM32G4xx_HAL_Driver/Inc -IC:/Users/bcc35/STM32Cube/Repository/STM32Cube_FW_G4_V1.5.1/Drivers/STM32G4xx_HAL_Driver/Inc/Legacy -IC:/Users/bcc35/STM32Cube/Repository/STM32Cube_FW_G4_V1.5.1/Drivers/CMSIS/Device/ST/STM32G4xx/Include -IC:/Users/bcc35/STM32Cube/Repository/STM32Cube_FW_G4_V1.5.1/Drivers/CMSIS/Include -O0 -ffunction-sections -fdata-sections -Wall -fstack-usage -fcyclomatic-complexity -MMD -MP -MF"Core/Src/stm32g4xx_hal_msp.d" -MT"Core/Src/stm32g4xx_hal_msp.o" --specs=nano.specs -mfpu=fpv4-sp-d16 -mfloat-abi=hard -mthumb -o "Core/Src/stm32g4xx_hal_msp.o"
arm-none-eabi-gcc "../Core/Src/stm32g4xx_it.c" -mcpu=cortex-m4 -std=gnu11 -g3 -DDEBUG -DUSE_HAL_DRIVER -DSTM32G474xx -c -I../Core/Inc -IC:/Users/bcc35/STM32Cube/Repository/STM32Cube_FW_G4_V1.5.1/Drivers/STM32G4xx_HAL_Driver/Inc -IC:/Users/bcc35/STM32Cube/Repository/STM32Cube_FW_G4_V1.5.1/Drivers/STM32G4xx_HAL_Driver/Inc/Legacy -IC:/Users/bcc35/STM32Cube/Repository/STM32Cube_FW_G4_V1.5.1/Drivers/CMSIS/Device/ST/STM32G4xx/Include -IC:/Users/bcc35/STM32Cube/Repository/STM32Cube_FW_G4_V1.5.1/Drivers/CMSIS/Include -O0 -ffunction-sections -fdata-sections -Wall -fstack-usage -fcyclomatic-complexity -MMD -MP -MF"Core/Src/stm32g4xx_it.d" -MT"Core/Src/stm32g4xx_it.o" --specs=nano.specs -mfpu=fpv4-sp-d16 -mfloat-abi=hard -mthumb -o "Core/Src/stm32g4xx_it.o"
arm-none-eabi-gcc -o "week2_interupt.elf" @"objects.list"   -mcpu=cortex-m4 -T"C:\Users\bcc35\Desktop\Elec\week2_interupt\STM32G474RETX_FLASH.ld" --specs=nosys.specs -Wl,-Map="week2_interupt.map" -Wl,--gc-sections -static --specs=nano.specs -mfpu=fpv4-sp-d16 -mfloat-abi=hard -mthumb -Wl,--start-group -lc -lm -Wl,--end-group
Finished building target: week2_interupt.elf
 
arm-none-eabi-size   week2_interupt.elf 
arm-none-eabi-objdump -h -S  week2_interupt.elf  > "week2_interupt.list"
   text	   data	    bss	    dec	    hex	filename
  12004	     84	   1724	  13812	   35f4	week2_interupt.elf
Finished building: default.size.stdout
 
Finished building: week2_interupt.list
 
15:37:33 **** Incremental Build of configuration Debug for project test1 ****
make -j16 all 
arm-none-eabi-size   test1.elf 
   text	   data	    bss	    dec	    hex	filename
  11552	     20	   1716	  13288	   33e8	test1.elf
Finished building: default.size.stdout
 
15:39:05 **** Incremental Build of configuration Debug for project test1 ****
make -j16 all 
arm-none-eabi-size   test1.elf 
   text	   data	    bss	    dec	    hex	filename
  11552	     20	   1716	  13288	   33e8	test1.elf
Finished building: default.size.stdout
 
15:41:40 **** Incremental Build of configuration Debug for project week2_interupt ****
make -j16 all 
arm-none-eabi-size   week2_interupt.elf 
   text	   data	    bss	    dec	    hex	filename
  12004	     84	   1724	  13812	   35f4	week2_interupt.elf
Finished building: default.size.stdout
 
15:41:55 **** Incremental Build of configuration Debug for project week2_interupt ****
make -j16 all 
arm-none-eabi-size   week2_interupt.elf 
   text	   data	    bss	    dec	    hex	filename
  12004	     84	   1724	  13812	   35f4	week2_interupt.elf
Finished building: default.size.stdout
 
15:43:20 **** Incremental Build of configuration Debug for project week2_interupt ****
make -j16 all 
arm-none-eabi-size   week2_interupt.elf 
   text	   data	    bss	    dec	    hex	filename
  12004	     84	   1724	  13812	   35f4	week2_interupt.elf
Finished building: default.size.stdout
 
15:46:49 **** Incremental Build of configuration Debug for project week2_interupt ****
make -j16 all 
arm-none-eabi-gcc "../Core/Src/main.c" -mcpu=cortex-m4 -std=gnu11 -g3 -DDEBUG -DUSE_HAL_DRIVER -DSTM32G474xx -c -I../Core/Inc -IC:/Users/bcc35/STM32Cube/Repository/STM32Cube_FW_G4_V1.5.1/Drivers/STM32G4xx_HAL_Driver/Inc -IC:/Users/bcc35/STM32Cube/Repository/STM32Cube_FW_G4_V1.5.1/Drivers/STM32G4xx_HAL_Driver/Inc/Legacy -IC:/Users/bcc35/STM32Cube/Repository/STM32Cube_FW_G4_V1.5.1/Drivers/CMSIS/Device/ST/STM32G4xx/Include -IC:/Users/bcc35/STM32Cube/Repository/STM32Cube_FW_G4_V1.5.1/Drivers/CMSIS/Include -O0 -ffunction-sections -fdata-sections -Wall -fstack-usage -fcyclomatic-complexity -MMD -MP -MF"Core/Src/main.d" -MT"Core/Src/main.o" --specs=nano.specs -mfpu=fpv4-sp-d16 -mfloat-abi=hard -mthumb -o "Core/Src/main.o"
../Core/Src/main.c: In function 'main':
../Core/Src/main.c:127:11: error: 'x' undeclared (first use in this function)
  127 |           x = Buttonstate;
      |           ^
../Core/Src/main.c:127:11: note: each undeclared identifier is reported only once for each function it appears in
../Core/Src/main.c:127:15: error: 'Buttonstate' undeclared (first use in this function); did you mean 'ButtonState'?
  127 |           x = Buttonstate;
      |               ^~~~~~~~~~~
      |               ButtonState
make: *** [Core/Src/subdir.mk:34: Core/Src/main.o] Error 1
"make -j16 all" terminated with exit code 2. Build might be incomplete.
15:47:05 **** Incremental Build of configuration Debug for project week2_interupt ****
make -j16 all 
arm-none-eabi-gcc "../Core/Src/main.c" -mcpu=cortex-m4 -std=gnu11 -g3 -DDEBUG -DUSE_HAL_DRIVER -DSTM32G474xx -c -I../Core/Inc -IC:/Users/bcc35/STM32Cube/Repository/STM32Cube_FW_G4_V1.5.1/Drivers/STM32G4xx_HAL_Driver/Inc -IC:/Users/bcc35/STM32Cube/Repository/STM32Cube_FW_G4_V1.5.1/Drivers/STM32G4xx_HAL_Driver/Inc/Legacy -IC:/Users/bcc35/STM32Cube/Repository/STM32Cube_FW_G4_V1.5.1/Drivers/CMSIS/Device/ST/STM32G4xx/Include -IC:/Users/bcc35/STM32Cube/Repository/STM32Cube_FW_G4_V1.5.1/Drivers/CMSIS/Include -O0 -ffunction-sections -fdata-sections -Wall -fstack-usage -fcyclomatic-complexity -MMD -MP -MF"Core/Src/main.d" -MT"Core/Src/main.o" --specs=nano.specs -mfpu=fpv4-sp-d16 -mfloat-abi=hard -mthumb -o "Core/Src/main.o"
../Core/Src/main.c: In function 'main':
../Core/Src/main.c:126:11: error: 'x' undeclared (first use in this function)
  126 |           x = ButtonMatrixRead();
      |           ^
../Core/Src/main.c:126:11: note: each undeclared identifier is reported only once for each function it appears in
make: *** [Core/Src/subdir.mk:34: Core/Src/main.o] Error 1
"make -j16 all" terminated with exit code 2. Build might be incomplete.
15:48:13 **** Incremental Build of configuration Debug for project week2_interupt ****
make -j16 all 
arm-none-eabi-gcc "../Core/Src/main.c" -mcpu=cortex-m4 -std=gnu11 -g3 -DDEBUG -DUSE_HAL_DRIVER -DSTM32G474xx -c -I../Core/Inc -IC:/Users/bcc35/STM32Cube/Repository/STM32Cube_FW_G4_V1.5.1/Drivers/STM32G4xx_HAL_Driver/Inc -IC:/Users/bcc35/STM32Cube/Repository/STM32Cube_FW_G4_V1.5.1/Drivers/STM32G4xx_HAL_Driver/Inc/Legacy -IC:/Users/bcc35/STM32Cube/Repository/STM32Cube_FW_G4_V1.5.1/Drivers/CMSIS/Device/ST/STM32G4xx/Include -IC:/Users/bcc35/STM32Cube/Repository/STM32Cube_FW_G4_V1.5.1/Drivers/CMSIS/Include -O0 -ffunction-sections -fdata-sections -Wall -fstack-usage -fcyclomatic-complexity -MMD -MP -MF"Core/Src/main.d" -MT"Core/Src/main.o" --specs=nano.specs -mfpu=fpv4-sp-d16 -mfloat-abi=hard -mthumb -o "Core/Src/main.o"
arm-none-eabi-gcc -o "week2_interupt.elf" @"objects.list"   -mcpu=cortex-m4 -T"C:\Users\bcc35\Desktop\Elec\week2_interupt\STM32G474RETX_FLASH.ld" --specs=nosys.specs -Wl,-Map="week2_interupt.map" -Wl,--gc-sections -static --specs=nano.specs -mfpu=fpv4-sp-d16 -mfloat-abi=hard -mthumb -Wl,--start-group -lc -lm -Wl,--end-group
Finished building target: week2_interupt.elf
 
arm-none-eabi-size   week2_interupt.elf 
arm-none-eabi-objdump -h -S  week2_interupt.elf  > "week2_interupt.list"
   text	   data	    bss	    dec	    hex	filename
  12024	     84	   1724	  13832	   3608	week2_interupt.elf
Finished building: default.size.stdout
 
Finished building: week2_interupt.list
 
15:48:44 **** Incremental Build of configuration Debug for project week2_interupt ****
make -j16 all 
arm-none-eabi-size   week2_interupt.elf 
   text	   data	    bss	    dec	    hex	filename
  12024	     84	   1724	  13832	   3608	week2_interupt.elf
Finished building: default.size.stdout
 
15:51:58 **** Incremental Build of configuration Debug for project week2_interupt ****
make -j16 all 
arm-none-eabi-gcc "../Core/Src/main.c" -mcpu=cortex-m4 -std=gnu11 -g3 -DDEBUG -DUSE_HAL_DRIVER -DSTM32G474xx -c -I../Core/Inc -IC:/Users/bcc35/STM32Cube/Repository/STM32Cube_FW_G4_V1.5.1/Drivers/STM32G4xx_HAL_Driver/Inc -IC:/Users/bcc35/STM32Cube/Repository/STM32Cube_FW_G4_V1.5.1/Drivers/STM32G4xx_HAL_Driver/Inc/Legacy -IC:/Users/bcc35/STM32Cube/Repository/STM32Cube_FW_G4_V1.5.1/Drivers/CMSIS/Device/ST/STM32G4xx/Include -IC:/Users/bcc35/STM32Cube/Repository/STM32Cube_FW_G4_V1.5.1/Drivers/CMSIS/Include -O0 -ffunction-sections -fdata-sections -Wall -fstack-usage -fcyclomatic-complexity -MMD -MP -MF"Core/Src/main.d" -MT"Core/Src/main.o" --specs=nano.specs -mfpu=fpv4-sp-d16 -mfloat-abi=hard -mthumb -o "Core/Src/main.o"
arm-none-eabi-gcc -o "week2_interupt.elf" @"objects.list"   -mcpu=cortex-m4 -T"C:\Users\bcc35\Desktop\Elec\week2_interupt\STM32G474RETX_FLASH.ld" --specs=nosys.specs -Wl,-Map="week2_interupt.map" -Wl,--gc-sections -static --specs=nano.specs -mfpu=fpv4-sp-d16 -mfloat-abi=hard -mthumb -Wl,--start-group -lc -lm -Wl,--end-group
Finished building target: week2_interupt.elf
 
arm-none-eabi-size   week2_interupt.elf 
arm-none-eabi-objdump -h -S  week2_interupt.elf  > "week2_interupt.list"
   text	   data	    bss	    dec	    hex	filename
  12024	    104	   1728	  13856	   3620	week2_interupt.elf
Finished building: default.size.stdout
 
Finished building: week2_interupt.list
 
15:58:07 **** Incremental Build of configuration Debug for project week2_interupt ****
make -j16 all 
arm-none-eabi-gcc "../Core/Src/main.c" -mcpu=cortex-m4 -std=gnu11 -g3 -DDEBUG -DUSE_HAL_DRIVER -DSTM32G474xx -c -I../Core/Inc -IC:/Users/bcc35/STM32Cube/Repository/STM32Cube_FW_G4_V1.5.1/Drivers/STM32G4xx_HAL_Driver/Inc -IC:/Users/bcc35/STM32Cube/Repository/STM32Cube_FW_G4_V1.5.1/Drivers/STM32G4xx_HAL_Driver/Inc/Legacy -IC:/Users/bcc35/STM32Cube/Repository/STM32Cube_FW_G4_V1.5.1/Drivers/CMSIS/Device/ST/STM32G4xx/Include -IC:/Users/bcc35/STM32Cube/Repository/STM32Cube_FW_G4_V1.5.1/Drivers/CMSIS/Include -O0 -ffunction-sections -fdata-sections -Wall -fstack-usage -fcyclomatic-complexity -MMD -MP -MF"Core/Src/main.d" -MT"Core/Src/main.o" --specs=nano.specs -mfpu=fpv4-sp-d16 -mfloat-abi=hard -mthumb -o "Core/Src/main.o"
arm-none-eabi-gcc -o "week2_interupt.elf" @"objects.list"   -mcpu=cortex-m4 -T"C:\Users\bcc35\Desktop\Elec\week2_interupt\STM32G474RETX_FLASH.ld" --specs=nosys.specs -Wl,-Map="week2_interupt.map" -Wl,--gc-sections -static --specs=nano.specs -mfpu=fpv4-sp-d16 -mfloat-abi=hard -mthumb -Wl,--start-group -lc -lm -Wl,--end-group
Finished building target: week2_interupt.elf
 
arm-none-eabi-size   week2_interupt.elf 
arm-none-eabi-objdump -h -S  week2_interupt.elf  > "week2_interupt.list"
   text	   data	    bss	    dec	    hex	filename
  12076	    124	   1724	  13924	   3664	week2_interupt.elf
Finished building: default.size.stdout
 
Finished building: week2_interupt.list
 
16:00:00 **** Incremental Build of configuration Debug for project week2_interupt ****
make -j16 all 
arm-none-eabi-gcc "../Core/Src/main.c" -mcpu=cortex-m4 -std=gnu11 -g3 -DDEBUG -DUSE_HAL_DRIVER -DSTM32G474xx -c -I../Core/Inc -IC:/Users/bcc35/STM32Cube/Repository/STM32Cube_FW_G4_V1.5.1/Drivers/STM32G4xx_HAL_Driver/Inc -IC:/Users/bcc35/STM32Cube/Repository/STM32Cube_FW_G4_V1.5.1/Drivers/STM32G4xx_HAL_Driver/Inc/Legacy -IC:/Users/bcc35/STM32Cube/Repository/STM32Cube_FW_G4_V1.5.1/Drivers/CMSIS/Device/ST/STM32G4xx/Include -IC:/Users/bcc35/STM32Cube/Repository/STM32Cube_FW_G4_V1.5.1/Drivers/CMSIS/Include -O0 -ffunction-sections -fdata-sections -Wall -fstack-usage -fcyclomatic-complexity -MMD -MP -MF"Core/Src/main.d" -MT"Core/Src/main.o" --specs=nano.specs -mfpu=fpv4-sp-d16 -mfloat-abi=hard -mthumb -o "Core/Src/main.o"
arm-none-eabi-gcc -o "week2_interupt.elf" @"objects.list"   -mcpu=cortex-m4 -T"C:\Users\bcc35\Desktop\Elec\week2_interupt\STM32G474RETX_FLASH.ld" --specs=nosys.specs -Wl,-Map="week2_interupt.map" -Wl,--gc-sections -static --specs=nano.specs -mfpu=fpv4-sp-d16 -mfloat-abi=hard -mthumb -Wl,--start-group -lc -lm -Wl,--end-group
Finished building target: week2_interupt.elf
 
arm-none-eabi-size   week2_interupt.elf 
arm-none-eabi-objdump -h -S  week2_interupt.elf  > "week2_interupt.list"
   text	   data	    bss	    dec	    hex	filename
  12004	     84	   1724	  13812	   35f4	week2_interupt.elf
Finished building: default.size.stdout
 
Finished building: week2_interupt.list
 
16:14:41 **** Incremental Build of configuration Debug for project week2_interupt ****
make -j16 all 
arm-none-eabi-gcc "../Core/Src/main.c" -mcpu=cortex-m4 -std=gnu11 -g3 -DDEBUG -DUSE_HAL_DRIVER -DSTM32G474xx -c -I../Core/Inc -IC:/Users/bcc35/STM32Cube/Repository/STM32Cube_FW_G4_V1.5.1/Drivers/STM32G4xx_HAL_Driver/Inc -IC:/Users/bcc35/STM32Cube/Repository/STM32Cube_FW_G4_V1.5.1/Drivers/STM32G4xx_HAL_Driver/Inc/Legacy -IC:/Users/bcc35/STM32Cube/Repository/STM32Cube_FW_G4_V1.5.1/Drivers/CMSIS/Device/ST/STM32G4xx/Include -IC:/Users/bcc35/STM32Cube/Repository/STM32Cube_FW_G4_V1.5.1/Drivers/CMSIS/Include -O0 -ffunction-sections -fdata-sections -Wall -fstack-usage -fcyclomatic-complexity -MMD -MP -MF"Core/Src/main.d" -MT"Core/Src/main.o" --specs=nano.specs -mfpu=fpv4-sp-d16 -mfloat-abi=hard -mthumb -o "Core/Src/main.o"
../Core/Src/main.c: In function 'main':
../Core/Src/main.c:198:13: error: invalid storage class for function 'MX_LPUART1_UART_Init'
  198 | static void MX_LPUART1_UART_Init(void)
      |             ^~~~~~~~~~~~~~~~~~~~
../Core/Src/main.c:245:13: error: invalid storage class for function 'MX_GPIO_Init'
  245 | static void MX_GPIO_Init(void)
      |             ^~~~~~~~~~~~
../Core/Src/main.c:362:1: error: expected declaration or statement at end of input
  362 | }
      | ^
../Core/Src/main.c: At top level:
../Core/Src/main.c:74:13: warning: 'MX_GPIO_Init' used but never defined
   74 | static void MX_GPIO_Init(void);
      |             ^~~~~~~~~~~~
../Core/Src/main.c:75:13: warning: 'MX_LPUART1_UART_Init' used but never defined
   75 | static void MX_LPUART1_UART_Init(void);
      |             ^~~~~~~~~~~~~~~~~~~~
../Core/Src/main.c:353:6: warning: 'Error_Handler' defined but not used [-Wunused-function]
  353 | void Error_Handler(void)
      |      ^~~~~~~~~~~~~
../Core/Src/main.c:327:6: warning: 'ButtonMatrixRead' defined but not used [-Wunused-function]
  327 | void ButtonMatrixRead(){
      |      ^~~~~~~~~~~~~~~~
../Core/Src/main.c:320:6: warning: 'HAL_GPIO_EXTI_Callback' defined but not used [-Wunused-function]
  320 | void HAL_GPIO_EXTI_Callback(uint16_t GPIO_Pin)
      |      ^~~~~~~~~~~~~~~~~~~~~~
../Core/Src/main.c:245:13: warning: 'MX_GPIO_Init' defined but not used [-Wunused-function]
  245 | static void MX_GPIO_Init(void)
      |             ^~~~~~~~~~~~
../Core/Src/main.c:198:13: warning: 'MX_LPUART1_UART_Init' defined but not used [-Wunused-function]
  198 | static void MX_LPUART1_UART_Init(void)
      |             ^~~~~~~~~~~~~~~~~~~~
../Core/Src/main.c:151:6: warning: 'SystemClock_Config' defined but not used [-Wunused-function]
  151 | void SystemClock_Config(void)
      |      ^~~~~~~~~~~~~~~~~~
make: *** [Core/Src/subdir.mk:34: Core/Src/main.o] Error 1
"make -j16 all" terminated with exit code 2. Build might be incomplete.
16:14:57 **** Incremental Build of configuration Debug for project week2_interupt ****
make -j16 all 
arm-none-eabi-gcc "../Core/Src/main.c" -mcpu=cortex-m4 -std=gnu11 -g3 -DDEBUG -DUSE_HAL_DRIVER -DSTM32G474xx -c -I../Core/Inc -IC:/Users/bcc35/STM32Cube/Repository/STM32Cube_FW_G4_V1.5.1/Drivers/STM32G4xx_HAL_Driver/Inc -IC:/Users/bcc35/STM32Cube/Repository/STM32Cube_FW_G4_V1.5.1/Drivers/STM32G4xx_HAL_Driver/Inc/Legacy -IC:/Users/bcc35/STM32Cube/Repository/STM32Cube_FW_G4_V1.5.1/Drivers/CMSIS/Device/ST/STM32G4xx/Include -IC:/Users/bcc35/STM32Cube/Repository/STM32Cube_FW_G4_V1.5.1/Drivers/CMSIS/Include -O0 -ffunction-sections -fdata-sections -Wall -fstack-usage -fcyclomatic-complexity -MMD -MP -MF"Core/Src/main.d" -MT"Core/Src/main.o" --specs=nano.specs -mfpu=fpv4-sp-d16 -mfloat-abi=hard -mthumb -o "Core/Src/main.o"
../Core/Src/main.c: In function 'main':
../Core/Src/main.c:198:13: error: invalid storage class for function 'MX_LPUART1_UART_Init'
  198 | static void MX_LPUART1_UART_Init(void)
      |             ^~~~~~~~~~~~~~~~~~~~
../Core/Src/main.c:245:13: error: invalid storage class for function 'MX_GPIO_Init'
  245 | static void MX_GPIO_Init(void)
      |             ^~~~~~~~~~~~
../Core/Src/main.c:362:1: error: expected declaration or statement at end of input
  362 | }
      | ^
../Core/Src/main.c: At top level:
../Core/Src/main.c:74:13: warning: 'MX_GPIO_Init' used but never defined
   74 | static void MX_GPIO_Init(void);
      |             ^~~~~~~~~~~~
../Core/Src/main.c:75:13: warning: 'MX_LPUART1_UART_Init' used but never defined
   75 | static void MX_LPUART1_UART_Init(void);
      |             ^~~~~~~~~~~~~~~~~~~~
../Core/Src/main.c:353:6: warning: 'Error_Handler' defined but not used [-Wunused-function]
  353 | void Error_Handler(void)
      |      ^~~~~~~~~~~~~
../Core/Src/main.c:327:6: warning: 'ButtonMatrixRead' defined but not used [-Wunused-function]
  327 | void ButtonMatrixRead(){
      |      ^~~~~~~~~~~~~~~~
../Core/Src/main.c:320:6: warning: 'HAL_GPIO_EXTI_Callback' defined but not used [-Wunused-function]
  320 | void HAL_GPIO_EXTI_Callback(uint16_t GPIO_Pin)
      |      ^~~~~~~~~~~~~~~~~~~~~~
../Core/Src/main.c:245:13: warning: 'MX_GPIO_Init' defined but not used [-Wunused-function]
  245 | static void MX_GPIO_Init(void)
      |             ^~~~~~~~~~~~
../Core/Src/main.c:198:13: warning: 'MX_LPUART1_UART_Init' defined but not used [-Wunused-function]
  198 | static void MX_LPUART1_UART_Init(void)
      |             ^~~~~~~~~~~~~~~~~~~~
../Core/Src/main.c:151:6: warning: 'SystemClock_Config' defined but not used [-Wunused-function]
  151 | void SystemClock_Config(void)
      |      ^~~~~~~~~~~~~~~~~~
make: *** [Core/Src/subdir.mk:34: Core/Src/main.o] Error 1
"make -j16 all" terminated with exit code 2. Build might be incomplete.
16:15:03 **** Incremental Build of configuration Debug for project week2_interupt ****
make -j16 all 
arm-none-eabi-gcc "../Core/Src/main.c" -mcpu=cortex-m4 -std=gnu11 -g3 -DDEBUG -DUSE_HAL_DRIVER -DSTM32G474xx -c -I../Core/Inc -IC:/Users/bcc35/STM32Cube/Repository/STM32Cube_FW_G4_V1.5.1/Drivers/STM32G4xx_HAL_Driver/Inc -IC:/Users/bcc35/STM32Cube/Repository/STM32Cube_FW_G4_V1.5.1/Drivers/STM32G4xx_HAL_Driver/Inc/Legacy -IC:/Users/bcc35/STM32Cube/Repository/STM32Cube_FW_G4_V1.5.1/Drivers/CMSIS/Device/ST/STM32G4xx/Include -IC:/Users/bcc35/STM32Cube/Repository/STM32Cube_FW_G4_V1.5.1/Drivers/CMSIS/Include -O0 -ffunction-sections -fdata-sections -Wall -fstack-usage -fcyclomatic-complexity -MMD -MP -MF"Core/Src/main.d" -MT"Core/Src/main.o" --specs=nano.specs -mfpu=fpv4-sp-d16 -mfloat-abi=hard -mthumb -o "Core/Src/main.o"
../Core/Src/main.c: In function 'main':
../Core/Src/main.c:198:13: error: invalid storage class for function 'MX_LPUART1_UART_Init'
  198 | static void MX_LPUART1_UART_Init(void)
      |             ^~~~~~~~~~~~~~~~~~~~
../Core/Src/main.c:245:13: error: invalid storage class for function 'MX_GPIO_Init'
  245 | static void MX_GPIO_Init(void)
      |             ^~~~~~~~~~~~
../Core/Src/main.c:362:1: error: expected declaration or statement at end of input
  362 | }
      | ^
../Core/Src/main.c: At top level:
../Core/Src/main.c:74:13: warning: 'MX_GPIO_Init' used but never defined
   74 | static void MX_GPIO_Init(void);
      |             ^~~~~~~~~~~~
../Core/Src/main.c:75:13: warning: 'MX_LPUART1_UART_Init' used but never defined
   75 | static void MX_LPUART1_UART_Init(void);
      |             ^~~~~~~~~~~~~~~~~~~~
../Core/Src/main.c:353:6: warning: 'Error_Handler' defined but not used [-Wunused-function]
  353 | void Error_Handler(void)
      |      ^~~~~~~~~~~~~
../Core/Src/main.c:327:6: warning: 'ButtonMatrixRead' defined but not used [-Wunused-function]
  327 | void ButtonMatrixRead(){
      |      ^~~~~~~~~~~~~~~~
../Core/Src/main.c:320:6: warning: 'HAL_GPIO_EXTI_Callback' defined but not used [-Wunused-function]
  320 | void HAL_GPIO_EXTI_Callback(uint16_t GPIO_Pin)
      |      ^~~~~~~~~~~~~~~~~~~~~~
../Core/Src/main.c:245:13: warning: 'MX_GPIO_Init' defined but not used [-Wunused-function]
  245 | static void MX_GPIO_Init(void)
      |             ^~~~~~~~~~~~
../Core/Src/main.c:198:13: warning: 'MX_LPUART1_UART_Init' defined but not used [-Wunused-function]
  198 | static void MX_LPUART1_UART_Init(void)
      |             ^~~~~~~~~~~~~~~~~~~~
../Core/Src/main.c:151:6: warning: 'SystemClock_Config' defined but not used [-Wunused-function]
  151 | void SystemClock_Config(void)
      |      ^~~~~~~~~~~~~~~~~~
make: *** [Core/Src/subdir.mk:34: Core/Src/main.o] Error 1
"make -j16 all" terminated with exit code 2. Build might be incomplete.
16:15:19 **** Incremental Build of configuration Debug for project week2_interupt ****
make -j16 all 
arm-none-eabi-gcc "../Core/Src/main.c" -mcpu=cortex-m4 -std=gnu11 -g3 -DDEBUG -DUSE_HAL_DRIVER -DSTM32G474xx -c -I../Core/Inc -IC:/Users/bcc35/STM32Cube/Repository/STM32Cube_FW_G4_V1.5.1/Drivers/STM32G4xx_HAL_Driver/Inc -IC:/Users/bcc35/STM32Cube/Repository/STM32Cube_FW_G4_V1.5.1/Drivers/STM32G4xx_HAL_Driver/Inc/Legacy -IC:/Users/bcc35/STM32Cube/Repository/STM32Cube_FW_G4_V1.5.1/Drivers/CMSIS/Device/ST/STM32G4xx/Include -IC:/Users/bcc35/STM32Cube/Repository/STM32Cube_FW_G4_V1.5.1/Drivers/CMSIS/Include -O0 -ffunction-sections -fdata-sections -Wall -fstack-usage -fcyclomatic-complexity -MMD -MP -MF"Core/Src/main.d" -MT"Core/Src/main.o" --specs=nano.specs -mfpu=fpv4-sp-d16 -mfloat-abi=hard -mthumb -o "Core/Src/main.o"
arm-none-eabi-gcc -o "week2_interupt.elf" @"objects.list"   -mcpu=cortex-m4 -T"C:\Users\bcc35\Desktop\Elec\week2_interupt\STM32G474RETX_FLASH.ld" --specs=nosys.specs -Wl,-Map="week2_interupt.map" -Wl,--gc-sections -static --specs=nano.specs -mfpu=fpv4-sp-d16 -mfloat-abi=hard -mthumb -Wl,--start-group -lc -lm -Wl,--end-group
Finished building target: week2_interupt.elf
 
arm-none-eabi-size   week2_interupt.elf 
arm-none-eabi-objdump -h -S  week2_interupt.elf  > "week2_interupt.list"
   text	   data	    bss	    dec	    hex	filename
  12084	    124	   1724	  13932	   366c	week2_interupt.elf
Finished building: default.size.stdout
 
Finished building: week2_interupt.list
 
16:17:10 **** Incremental Build of configuration Debug for project week2_interupt ****
make -j16 all 
arm-none-eabi-gcc "../Core/Src/main.c" -mcpu=cortex-m4 -std=gnu11 -g3 -DDEBUG -DUSE_HAL_DRIVER -DSTM32G474xx -c -I../Core/Inc -IC:/Users/bcc35/STM32Cube/Repository/STM32Cube_FW_G4_V1.5.1/Drivers/STM32G4xx_HAL_Driver/Inc -IC:/Users/bcc35/STM32Cube/Repository/STM32Cube_FW_G4_V1.5.1/Drivers/STM32G4xx_HAL_Driver/Inc/Legacy -IC:/Users/bcc35/STM32Cube/Repository/STM32Cube_FW_G4_V1.5.1/Drivers/CMSIS/Device/ST/STM32G4xx/Include -IC:/Users/bcc35/STM32Cube/Repository/STM32Cube_FW_G4_V1.5.1/Drivers/CMSIS/Include -O0 -ffunction-sections -fdata-sections -Wall -fstack-usage -fcyclomatic-complexity -MMD -MP -MF"Core/Src/main.d" -MT"Core/Src/main.o" --specs=nano.specs -mfpu=fpv4-sp-d16 -mfloat-abi=hard -mthumb -o "Core/Src/main.o"
../Core/Src/main.c:67:56: warning: excess elements in array initializer
   67 | int16_t array_map[10] = {0,1,16,256,2,32,512,4,64,1024,8};
      |                                                        ^
../Core/Src/main.c:67:56: note: (near initialization for 'array_map')
../Core/Src/main.c:68:44: warning: excess elements in array initializer
   68 | int16_t real_in[10] = {0,1,2,3,4,5,6,7,8,9,0};
      |                                            ^
../Core/Src/main.c:68:44: note: (near initialization for 'real_in')
arm-none-eabi-gcc -o "week2_interupt.elf" @"objects.list"   -mcpu=cortex-m4 -T"C:\Users\bcc35\Desktop\Elec\week2_interupt\STM32G474RETX_FLASH.ld" --specs=nosys.specs -Wl,-Map="week2_interupt.map" -Wl,--gc-sections -static --specs=nano.specs -mfpu=fpv4-sp-d16 -mfloat-abi=hard -mthumb -Wl,--start-group -lc -lm -Wl,--end-group
Finished building target: week2_interupt.elf
 
arm-none-eabi-size   week2_interupt.elf 
arm-none-eabi-objdump -h -S  week2_interupt.elf  > "week2_interupt.list"
   text	   data	    bss	    dec	    hex	filename
  12084	    124	   1724	  13932	   366c	week2_interupt.elf
Finished building: default.size.stdout
 
Finished building: week2_interupt.list
 
16:17:31 **** Incremental Build of configuration Debug for project week2_interupt ****
make -j16 all 
arm-none-eabi-gcc "../Core/Src/main.c" -mcpu=cortex-m4 -std=gnu11 -g3 -DDEBUG -DUSE_HAL_DRIVER -DSTM32G474xx -c -I../Core/Inc -IC:/Users/bcc35/STM32Cube/Repository/STM32Cube_FW_G4_V1.5.1/Drivers/STM32G4xx_HAL_Driver/Inc -IC:/Users/bcc35/STM32Cube/Repository/STM32Cube_FW_G4_V1.5.1/Drivers/STM32G4xx_HAL_Driver/Inc/Legacy -IC:/Users/bcc35/STM32Cube/Repository/STM32Cube_FW_G4_V1.5.1/Drivers/CMSIS/Device/ST/STM32G4xx/Include -IC:/Users/bcc35/STM32Cube/Repository/STM32Cube_FW_G4_V1.5.1/Drivers/CMSIS/Include -O0 -ffunction-sections -fdata-sections -Wall -fstack-usage -fcyclomatic-complexity -MMD -MP -MF"Core/Src/main.d" -MT"Core/Src/main.o" --specs=nano.specs -mfpu=fpv4-sp-d16 -mfloat-abi=hard -mthumb -o "Core/Src/main.o"
arm-none-eabi-gcc -o "week2_interupt.elf" @"objects.list"   -mcpu=cortex-m4 -T"C:\Users\bcc35\Desktop\Elec\week2_interupt\STM32G474RETX_FLASH.ld" --specs=nosys.specs -Wl,-Map="week2_interupt.map" -Wl,--gc-sections -static --specs=nano.specs -mfpu=fpv4-sp-d16 -mfloat-abi=hard -mthumb -Wl,--start-group -lc -lm -Wl,--end-group
Finished building target: week2_interupt.elf
 
arm-none-eabi-size   week2_interupt.elf 
arm-none-eabi-objdump -h -S  week2_interupt.elf  > "week2_interupt.list"
   text	   data	    bss	    dec	    hex	filename
  12084	    132	   1724	  13940	   3674	week2_interupt.elf
Finished building: default.size.stdout
 
Finished building: week2_interupt.list
 
16:18:33 **** Incremental Build of configuration Debug for project week2_interupt ****
make -j16 all 
arm-none-eabi-gcc "../Core/Src/main.c" -mcpu=cortex-m4 -std=gnu11 -g3 -DDEBUG -DUSE_HAL_DRIVER -DSTM32G474xx -c -I../Core/Inc -IC:/Users/bcc35/STM32Cube/Repository/STM32Cube_FW_G4_V1.5.1/Drivers/STM32G4xx_HAL_Driver/Inc -IC:/Users/bcc35/STM32Cube/Repository/STM32Cube_FW_G4_V1.5.1/Drivers/STM32G4xx_HAL_Driver/Inc/Legacy -IC:/Users/bcc35/STM32Cube/Repository/STM32Cube_FW_G4_V1.5.1/Drivers/CMSIS/Device/ST/STM32G4xx/Include -IC:/Users/bcc35/STM32Cube/Repository/STM32Cube_FW_G4_V1.5.1/Drivers/CMSIS/Include -O0 -ffunction-sections -fdata-sections -Wall -fstack-usage -fcyclomatic-complexity -MMD -MP -MF"Core/Src/main.d" -MT"Core/Src/main.o" --specs=nano.specs -mfpu=fpv4-sp-d16 -mfloat-abi=hard -mthumb -o "Core/Src/main.o"
arm-none-eabi-gcc -o "week2_interupt.elf" @"objects.list"   -mcpu=cortex-m4 -T"C:\Users\bcc35\Desktop\Elec\week2_interupt\STM32G474RETX_FLASH.ld" --specs=nosys.specs -Wl,-Map="week2_interupt.map" -Wl,--gc-sections -static --specs=nano.specs -mfpu=fpv4-sp-d16 -mfloat-abi=hard -mthumb -Wl,--start-group -lc -lm -Wl,--end-group
Finished building target: week2_interupt.elf
 
arm-none-eabi-size   week2_interupt.elf 
arm-none-eabi-objdump -h -S  week2_interupt.elf  > "week2_interupt.list"
   text	   data	    bss	    dec	    hex	filename
  12084	    132	   1724	  13940	   3674	week2_interupt.elf
Finished building: default.size.stdout
 
Finished building: week2_interupt.list
 
