07:50:26 **** Build of configuration Debug for project T2_week3 ****
make -j16 all 
arm-none-eabi-gcc "../Core/Src/main.c" -mcpu=cortex-m4 -std=gnu11 -g3 -DDEBUG -DUSE_HAL_DRIVER -DSTM32G474xx -c -I../Core/Inc -I../Drivers/STM32G4xx_HAL_Driver/Inc -I../Drivers/STM32G4xx_HAL_Driver/Inc/Legacy -I../Drivers/CMSIS/Device/ST/STM32G4xx/Include -I../Drivers/CMSIS/Include -O0 -ffunction-sections -fdata-sections -Wall -fstack-usage -fcyclomatic-complexity -MMD -MP -MF"Core/Src/main.d" -MT"Core/Src/main.o" --specs=nano.specs -mfpu=fpv4-sp-d16 -mfloat-abi=hard -mthumb -o "Core/Src/main.o"
../Core/Src/main.c:115:8: warning: 'micro' defined but not used [-Wunused-function]
  115 |   void micro()
      |        ^~~~~
arm-none-eabi-gcc -o "T2_week3.elf" @"objects.list"   -mcpu=cortex-m4 -T"C:\Users\bcc35\Desktop\Elec\T2_week3\STM32G474RETX_FLASH.ld" --specs=nosys.specs -Wl,-Map="T2_week3.map" -Wl,--gc-sections -static --specs=nano.specs -mfpu=fpv4-sp-d16 -mfloat-abi=hard -mthumb -Wl,--start-group -lc -lm -Wl,--end-group
Finished building target: T2_week3.elf
 
arm-none-eabi-size   T2_week3.elf 
arm-none-eabi-objdump -h -S  T2_week3.elf  > "T2_week3.list"
   text	   data	    bss	    dec	    hex	filename
  21116	     20	   2088	  23224	   5ab8	T2_week3.elf
Finished building: default.size.stdout
 
Finished building: T2_week3.list
 

07:50:28 Build Finished. 0 errors, 1 warnings. (took 1s.491ms)

