20:11:26 **** Incremental Build of configuration Debug for project T2_week9 ****
make -j16 all 
arm-none-eabi-gcc "../Core/Src/main.c" -mcpu=cortex-m4 -std=gnu11 -g3 -DDEBUG -DUSE_HAL_DRIVER -DSTM32G474xx -c -I../Core/Inc -I../Drivers/STM32G4xx_HAL_Driver/Inc -I../Drivers/STM32G4xx_HAL_Driver/Inc/Legacy -I../Drivers/CMSIS/Device/ST/STM32G4xx/Include -I../Drivers/CMSIS/Include -O0 -ffunction-sections -fdata-sections -Wall -fstack-usage -fcyclomatic-complexity -MMD -MP -MF"Core/Src/main.d" -MT"Core/Src/main.o" --specs=nano.specs -mfpu=fpv4-sp-d16 -mfloat-abi=hard -mthumb -o "Core/Src/main.o"
../Core/Src/main.c: In function 'main':
../Core/Src/main.c:103:3: warning: implicit declaration of function 'UART_con' [-Wimplicit-function-declaration]
  103 |   UART_con();
      |   ^~~~~~~~
../Core/Src/main.c:104:3: warning: implicit declaration of function 'SPITxRx_Setup' [-Wimplicit-function-declaration]
  104 |   SPITxRx_Setup();
      |   ^~~~~~~~~~~~~
../Core/Src/main.c:116:19: warning: implicit declaration of function 'SPITxRx_readIO' [-Wimplicit-function-declaration]
  116 |                   SPITxRx_readIO();
      |                   ^~~~~~~~~~~~~~
../Core/Src/main.c: At top level:
../Core/Src/main.c:319:6: warning: conflicting types for 'UART_con'; have 'void()'
  319 | void UART_con()
      |      ^~~~~~~~
../Core/Src/main.c:103:3: note: previous implicit declaration of 'UART_con' with type 'void()'
  103 |   UART_con();
      |   ^~~~~~~~
../Core/Src/main.c:334:6: warning: conflicting types for 'SPITxRx_Setup'; have 'void()'
  334 | void SPITxRx_Setup()
      |      ^~~~~~~~~~~~~
../Core/Src/main.c:104:3: note: previous implicit declaration of 'SPITxRx_Setup' with type 'void()'
  104 |   SPITxRx_Setup();
      |   ^~~~~~~~~~~~~
../Core/Src/main.c:342:6: warning: conflicting types for 'SPITxRx_readIO'; have 'void()'
  342 | void SPITxRx_readIO()
      |      ^~~~~~~~~~~~~~
../Core/Src/main.c:116:19: note: previous implicit declaration of 'SPITxRx_readIO' with type 'void()'
  116 |                   SPITxRx_readIO();
      |                   ^~~~~~~~~~~~~~
arm-none-eabi-gcc -o "T2_week9.elf" @"objects.list"   -mcpu=cortex-m4 -T"C:\Users\bcc35\Desktop\Elec\T2_week9\STM32G474RETX_FLASH.ld" --specs=nosys.specs -Wl,-Map="T2_week9.map" -Wl,--gc-sections -static --specs=nano.specs -mfpu=fpv4-sp-d16 -mfloat-abi=hard -mthumb -Wl,--start-group -lc -lm -Wl,--end-group
Finished building target: T2_week9.elf
 
arm-none-eabi-size  T2_week9.elf 
arm-none-eabi-objdump -h -S T2_week9.elf  > "T2_week9.list"
   text	   data	    bss	    dec	    hex	filename
  21912	     12	   1864	  23788	   5cec	T2_week9.elf
Finished building: default.size.stdout
 
Finished building: T2_week9.list
 

20:11:27 Build Finished. 0 errors, 6 warnings. (took 1s.390ms)

