01:46:20 **** Incremental Build of configuration Debug for project T2_week9 ****
make -j16 all 
arm-none-eabi-gcc "../Core/Src/main.c" -mcpu=cortex-m4 -std=gnu11 -g3 -DDEBUG -DUSE_HAL_DRIVER -DSTM32G474xx -c -I../Core/Inc -I../Drivers/STM32G4xx_HAL_Driver/Inc -I../Drivers/STM32G4xx_HAL_Driver/Inc/Legacy -I../Drivers/CMSIS/Device/ST/STM32G4xx/Include -I../Drivers/CMSIS/Include -O0 -ffunction-sections -fdata-sections -Wall -fstack-usage -fcyclomatic-complexity -MMD -MP -MF"Core/Src/main.d" -MT"Core/Src/main.o" --specs=nano.specs -mfpu=fpv4-sp-d16 -mfloat-abi=hard -mthumb -o "Core/Src/main.o"
../Core/Src/main.c: In function 'main':
../Core/Src/main.c:108:3: warning: implicit declaration of function 'UART_con' [-Wimplicit-function-declaration]
  108 |   UART_con();
      |   ^~~~~~~~
../Core/Src/main.c:123:19: warning: implicit declaration of function 'SPITxRx_writeIO'; did you mean 'SPITxRx_readIO'? [-Wimplicit-function-declaration]
  123 |                   SPITxRx_writeIO();
      |                   ^~~~~~~~~~~~~~~
      |                   SPITxRx_readIO
../Core/Src/main.c: At top level:
../Core/Src/main.c:360:6: warning: conflicting types for 'UART_con'; have 'void()'
  360 | void UART_con()
      |      ^~~~~~~~
../Core/Src/main.c:108:3: note: previous implicit declaration of 'UART_con' with type 'void()'
  108 |   UART_con();
      |   ^~~~~~~~
../Core/Src/main.c:396:6: warning: conflicting types for 'SPITxRx_writeIO'; have 'void()'
  396 | void SPITxRx_writeIO()
      |      ^~~~~~~~~~~~~~~
../Core/Src/main.c:123:19: note: previous implicit declaration of 'SPITxRx_writeIO' with type 'void()'
  123 |                   SPITxRx_writeIO();
      |                   ^~~~~~~~~~~~~~~
arm-none-eabi-gcc -o "T2_week9.elf" @"objects.list"   -mcpu=cortex-m4 -T"C:\Users\bcc35\Desktop\Elec\T2_week9\STM32G474RETX_FLASH.ld" --specs=nosys.specs -Wl,-Map="T2_week9.map" -Wl,--gc-sections -static --specs=nano.specs -mfpu=fpv4-sp-d16 -mfloat-abi=hard -mthumb -Wl,--start-group -lc -lm -Wl,--end-group
Finished building target: T2_week9.elf
 
arm-none-eabi-size  T2_week9.elf 
arm-none-eabi-objdump -h -S T2_week9.elf  > "T2_week9.list"
   text	   data	    bss	    dec	    hex	filename
  22196	     16	   1880	  24092	   5e1c	T2_week9.elf
Finished building: default.size.stdout
 
Finished building: T2_week9.list
 

01:46:24 Build Finished. 0 errors, 4 warnings. (took 3s.449ms)

