19:59:18 **** Build of configuration Debug for project test ****
make -j16 all 
arm-none-eabi-gcc "../Core/Src/main.c" -mcpu=cortex-m4 -std=gnu11 -g3 -DDEBUG -DUSE_HAL_DRIVER -DSTM32G474xx -c -I../Core/Inc -I../Drivers/STM32G4xx_HAL_Driver/Inc -I../Drivers/STM32G4xx_HAL_Driver/Inc/Legacy -I../Drivers/CMSIS/Device/ST/STM32G4xx/Include -I../Drivers/CMSIS/Include -O0 -ffunction-sections -fdata-sections -Wall -fstack-usage -fcyclomatic-complexity -MMD -MP -MF"Core/Src/main.d" -MT"Core/Src/main.o" --specs=nano.specs -mfpu=fpv4-sp-d16 -mfloat-abi=hard -mthumb -o "Core/Src/main.o"
../Core/Src/main.c: In function 'main':
../Core/Src/main.c:95:3: warning: implicit declaration of function 'UART_con' [-Wimplicit-function-declaration]
   95 |   UART_con();
      |   ^~~~~~~~
../Core/Src/main.c: At top level:
../Core/Src/main.c:292:6: warning: conflicting types for 'UART_con'; have 'void()'
  292 | void UART_con()
      |      ^~~~~~~~
../Core/Src/main.c:95:3: note: previous implicit declaration of 'UART_con' with type 'void()'
   95 |   UART_con();
      |   ^~~~~~~~
arm-none-eabi-gcc -o "test.elf" @"objects.list"   -mcpu=cortex-m4 -T"C:\Users\bcc35\Desktop\Elec\test\STM32G474RETX_FLASH.ld" --specs=nosys.specs -Wl,-Map="test.map" -Wl,--gc-sections -static --specs=nano.specs -mfpu=fpv4-sp-d16 -mfloat-abi=hard -mthumb -Wl,--start-group -lc -lm -Wl,--end-group
Finished building target: test.elf
 
arm-none-eabi-size  test.elf 
arm-none-eabi-objdump -h -S test.elf  > "test.list"
   text	   data	    bss	    dec	    hex	filename
  17656	     20	   1964	  19640	   4cb8	test.elf
Finished building: default.size.stdout
 
Finished building: test.list
 

19:59:19 Build Finished. 0 errors, 2 warnings. (took 1s.398ms)

