../Core/Src/main.c:87:5:main	24	static
../Core/Src/main.c:144:6:SystemClock_Config	88	static
../Core/Src/main.c:191:13:MX_LPUART1_UART_Init	8	static
../Core/Src/main.c:238:13:MX_TIM3_Init	56	static
../Core/Src/main.c:287:13:MX_TIM5_Init	40	static
../Core/Src/main.c:332:13:MX_GPIO_Init	48	static
../Core/Src/main.c:369:6:QEIEncoderPosVel_Update	24	static
../Core/Src/main.c:392:6:HAL_TIM_PeriodElapsedCallback	24	static
../Core/Src/main.c:399:10:micros	12	static
../Core/Src/main.c:410:6:Error_Handler	4	static,ignoring_inline_asm
